
> storybook@0.1.0 build-storybook C:\Project\samantrix\galyan\apps\storybook
> storybook build "--output-dir=C:\\Users\\Asus\\AppData\\Local\\Temp\\chromatic--13780-kh0T0A7yvaDL"


[90m┌[39m  Building storybook v10.6.1
[90m│[39m
[32m◇[39m  Cleaning outputDir:
[90m│[39m  [36m../../../../../Users/Asus/AppData/Local/Temp/chromatic--13780-kh0T0A7yvaDL[39m
[90m│[39m
[32m◇[39m  Loading presets
[90m│[39m
[32m◇[39m  Building manager..
[90m│[39m
[34m●[39m  Building open services..
[90m│[39m
[34m●[39m  Building preview..
[90m│[39m  [43mVite[49m [36mvite v6.4.3 [32mbuilding for production...[36m[39m
[90m│[39m  [43mVite[49m transforming...
[90m│[39m
[33m▲[39m  [43mVite[49m [33m../../packages/ui/dist/index.js (1:0): Module level directives[39m
[90m│[39m  [33mcause errors when bundled, "use client" in[39m
[90m│[39m  [33m"../../packages/ui/dist/index.js" was ignored.[39m
[90m│[39m
[33m▲[39m  [43mVite[49m [33m../../packages/theme/dist/index.js (1:0): Module level directives[39m
[90m│[39m  [33mcause errors when bundled, "use client" in[39m
[90m│[39m  [33m"../../packages/theme/dist/index.js" was ignored.[39m
[90m│[39m
[33m▲[39m  [43mVite[49m [33m../../packages/ui/src/skeleton/Skeleton.tsx (1:0): Error when[39m
[90m│[39m  [33musing sourcemap for reporting an error: Can't resolve original[39m
[90m│[39m  [33mlocation of error.[39m
[90m│[39m
[33m▲[39m  [43mVite[49m [33m../../packages/ui/src/skeleton/Skeleton.tsx (1:0): Module level[39m
[90m│[39m  [33mdirectives cause errors when bundled, "use client" in[39m
[90m│[39m  [33m"../../packages/ui/src/skeleton/Skeleton.tsx" was ignored.[39m
[90m│[39m
[33m▲[39m  [43mVite[49m [33m../../packages/ui/src/button/Button.tsx (1:0): Error when using[39m
[90m│[39m  [33msourcemap for reporting an error: Can't resolve original location of[39m
[90m│[39m  [33merror.[39m
[90m│[39m
[33m▲[39m  [43mVite[49m [33m../../packages/ui/src/button/Button.tsx (1:0): Module level[39m
[90m│[39m  [33mdirectives cause errors when bundled, "use client" in[39m
[90m│[39m  [33m"../../packages/ui/src/button/Button.tsx" was ignored.[39m
[90m│[39m
[33m▲[39m  [43mVite[49m [33m../../packages/ui/src/dropdown/Dropdown.tsx (1:0): Error when[39m
[90m│[39m  [33musing sourcemap for reporting an error: Can't resolve original[39m
[90m│[39m  [33mlocation of error.[39m
[90m│[39m
[33m▲[39m  [43mVite[49m [33m../../packages/ui/src/dropdown/Dropdown.tsx (1:0): Module level[39m
[90m│[39m  [33mdirectives cause errors when bundled, "use client" in[39m
[90m│[39m  [33m"../../packages/ui/src/dropdown/Dropdown.tsx" was ignored.[39m
[90m│[39m
[33m▲[39m  [43mVite[49m [33m../../packages/ui/src/checkbox/Checkbox.tsx (1:0): Error when[39m
[90m│[39m  [33musing sourcemap for reporting an error: Can't resolve original[39m
[90m│[39m  [33mlocation of error.[39m
[90m│[39m
[33m▲[39m  [43mVite[49m [33m../../packages/ui/src/checkbox/Checkbox.tsx (1:0): Module level[39m
[90m│[39m  [33mdirectives cause errors when bundled, "use client" in[39m
[90m│[39m  [33m"../../packages/ui/src/checkbox/Checkbox.tsx" was ignored.[39m
[90m│[39m
[33m▲[39m  [43mVite[49m [33m../../packages/ui/src/linechart/LineChart.tsx (1:0): Error when[39m
[90m│[39m  [33musing sourcemap for reporting an error: Can't resolve original[39m
[90m│[39m  [33mlocation of error.[39m
[90m│[39m
[33m▲[39m  [43mVite[49m [33m../../packages/ui/src/linechart/LineChart.tsx (1:0): Module level[39m
[90m│[39m  [33mdirectives cause errors when bundled, "use client" in[39m
[90m│[39m  [33m"../../packages/ui/src/linechart/LineChart.tsx" was ignored.[39m
[90m│[39m
[33m▲[39m  [43mVite[49m [33m../../packages/ui/src/timelinechart/TimelineChart.tsx (1:0):[39m
[90m│[39m  [33mError when using sourcemap for reporting an error: Can't resolve[39m
[90m│[39m  [33moriginal location of error.[39m
[90m│[39m
[33m▲[39m  [43mVite[49m [33m../../packages/ui/src/timelinechart/TimelineChart.tsx (1:0):[39m
[90m│[39m  [33mModule level directives cause errors when bundled, "use client" in[39m
[90m│[39m  [33m"../../packages/ui/src/timelinechart/TimelineChart.tsx" was ignored.[39m
[90m│[39m
[33m▲[39m  [43mVite[49m [33m../../packages/ui/src/progressbar/ProgressBar.tsx (1:0): Error[39m
[90m│[39m  [33mwhen using sourcemap for reporting an error: Can't resolve original[39m
[90m│[39m  [33mlocation of error.[39m
[90m│[39m
[33m▲[39m  [43mVite[49m [33m../../packages/ui/src/progressbar/ProgressBar.tsx (1:0): Module[39m
[90m│[39m  [33mlevel directives cause errors when bundled, "use client" in[39m
[90m│[39m  [33m"../../packages/ui/src/progressbar/ProgressBar.tsx" was ignored.[39m
[90m│[39m
[33m▲[39m  [43mVite[49m [33m../../packages/ui/src/correlationchart/CorrelationChart.tsx[39m
[90m│[39m  [33m(1:0): Error when using sourcemap for reporting an error: Can't[39m
[90m│[39m  [33mresolve original location of error.[39m
[90m│[39m
[33m▲[39m  [43mVite[49m [33m../../packages/ui/src/correlationchart/CorrelationChart.tsx[39m
[90m│[39m  [33m(1:0): Module level directives cause errors when bundled, "use client"[39m
[90m│[39m  [33min "../../packages/ui/src/correlationchart/CorrelationChart.tsx" was[39m
[90m│[39m  [33mignored.[39m
[90m│[39m
[33m▲[39m  [43mVite[49m [33m../../packages/ui/src/piechart/PieChart.tsx (1:0): Error when[39m
[90m│[39m  [33musing sourcemap for reporting an error: Can't resolve original[39m
[90m│[39m  [33mlocation of error.[39m
[90m│[39m
[33m▲[39m  [43mVite[49m [33m../../packages/ui/src/piechart/PieChart.tsx (1:0): Module level[39m
[90m│[39m  [33mdirectives cause errors when bundled, "use client" in[39m
[90m│[39m  [33m"../../packages/ui/src/piechart/PieChart.tsx" was ignored.[39m
[90m│[39m
[33m▲[39m  [43mVite[49m [33m../../packages/ui/src/typography/Typography.tsx (1:0): Error when[39m
[90m│[39m  [33musing sourcemap for reporting an error: Can't resolve original[39m
[90m│[39m  [33mlocation of error.[39m
[90m│[39m
[33m▲[39m  [43mVite[49m [33m../../packages/ui/src/typography/Typography.tsx (1:0): Module[39m
[90m│[39m  [33mlevel directives cause errors when bundled, "use client" in[39m
[90m│[39m  [33m"../../packages/ui/src/typography/Typography.tsx" was ignored.[39m
[90m│[39m
[33m▲[39m  [43mVite[49m [33m../../packages/ui/src/boxwhiskerchart/BoxWhiskerChart.tsx (1:0):[39m
[90m│[39m  [33mError when using sourcemap for reporting an error: Can't resolve[39m
[90m│[39m  [33moriginal location of error.[39m
[90m│[39m
[33m▲[39m  [43mVite[49m [33m../../packages/ui/src/boxwhiskerchart/BoxWhiskerChart.tsx (1:0):[39m
[90m│[39m  [33mModule level directives cause errors when bundled, "use client" in[39m
[90m│[39m  [33m"../../packages/ui/src/boxwhiskerchart/BoxWhiskerChart.tsx" was[39m
[90m│[39m  [33mignored.[39m
[90m│[39m
[33m▲[39m  [43mVite[49m [33m../../packages/ui/src/steptab/StepTab.tsx (1:0): Error when using[39m
[90m│[39m  [33msourcemap for reporting an error: Can't resolve original location of[39m
[90m│[39m  [33merror.[39m
[90m│[39m
[33m▲[39m  [43mVite[49m [33m../../packages/ui/src/steptab/StepTab.tsx (1:0): Module level[39m
[90m│[39m  [33mdirectives cause errors when bundled, "use client" in[39m
[90m│[39m  [33m"../../packages/ui/src/steptab/StepTab.tsx" was ignored.[39m
[90m│[39m
[33m▲[39m  [43mVite[49m [33m../../packages/ui/src/bubblechart/BubbleChart.tsx (1:0): Error[39m
[90m│[39m  [33mwhen using sourcemap for reporting an error: Can't resolve original[39m
[90m│[39m  [33mlocation of error.[39m
[90m│[39m
[33m▲[39m  [43mVite[49m [33m../../packages/ui/src/bubblechart/BubbleChart.tsx (1:0): Module[39m
[90m│[39m  [33mlevel directives cause errors when bundled, "use client" in[39m
[90m│[39m  [33m"../../packages/ui/src/bubblechart/BubbleChart.tsx" was ignored.[39m
[90m│[39m
[33m▲[39m  [43mVite[49m [33m../../packages/ui/src/heatmapchart/HeatmapChart.tsx (1:0): Error[39m
[90m│[39m  [33mwhen using sourcemap for reporting an error: Can't resolve original[39m
[90m│[39m  [33mlocation of error.[39m
[90m│[39m
[33m▲[39m  [43mVite[49m [33m../../packages/ui/src/heatmapchart/HeatmapChart.tsx (1:0): Module[39m
[90m│[39m  [33mlevel directives cause errors when bundled, "use client" in[39m
[90m│[39m  [33m"../../packages/ui/src/heatmapchart/HeatmapChart.tsx" was ignored.[39m
[90m│[39m
[33m▲[39m  [43mVite[49m [33m../../packages/ui/src/radiogroup/RadioGroup.tsx (1:0): Error when[39m
[90m│[39m  [33musing sourcemap for reporting an error: Can't resolve original[39m
[90m│[39m  [33mlocation of error.[39m
[90m│[39m
[33m▲[39m  [43mVite[49m [33m../../packages/ui/src/radiogroup/RadioGroup.tsx (1:0): Module[39m
[90m│[39m  [33mlevel directives cause errors when bundled, "use client" in[39m
[90m│[39m  [33m"../../packages/ui/src/radiogroup/RadioGroup.tsx" was ignored.[39m
[90m│[39m
[33m▲[39m  [43mVite[49m [33m../../packages/ui/src/fileupload/FileUpload.tsx (1:0): Error when[39m
[90m│[39m  [33musing sourcemap for reporting an error: Can't resolve original[39m
[90m│[39m  [33mlocation of error.[39m
[90m│[39m
[33m▲[39m  [43mVite[49m [33m../../packages/ui/src/fileupload/FileUpload.tsx (1:0): Module[39m
[90m│[39m  [33mlevel directives cause errors when bundled, "use client" in[39m
[90m│[39m  [33m"../../packages/ui/src/fileupload/FileUpload.tsx" was ignored.[39m
[90m│[39m
[33m▲[39m  [43mVite[49m [33m../../packages/ui/src/gaugechart/GaugeChart.tsx (1:0): Error when[39m
[90m│[39m  [33musing sourcemap for reporting an error: Can't resolve original[39m
[90m│[39m  [33mlocation of error.[39m
[90m│[39m
[33m▲[39m  [43mVite[49m [33m../../packages/ui/src/gaugechart/GaugeChart.tsx (1:0): Module[39m
[90m│[39m  [33mlevel directives cause errors when bundled, "use client" in[39m
[90m│[39m  [33m"../../packages/ui/src/gaugechart/GaugeChart.tsx" was ignored.[39m
[90m│[39m
[33m▲[39m  [43mVite[49m [33m../../packages/ui/src/textarea/Textarea.tsx (1:0): Error when[39m
[90m│[39m  [33musing sourcemap for reporting an error: Can't resolve original[39m
[90m│[39m  [33mlocation of error.[39m
[90m│[39m
[33m▲[39m  [43mVite[49m [33m../../packages/ui/src/textarea/Textarea.tsx (1:0): Module level[39m
[90m│[39m  [33mdirectives cause errors when bundled, "use client" in[39m
[90m│[39m  [33m"../../packages/ui/src/textarea/Textarea.tsx" was ignored.[39m
[90m│[39m
[33m▲[39m  [43mVite[49m [33m../../packages/ui/src/scatterchart/ScatterChart.tsx (1:0): Error[39m
[90m│[39m  [33mwhen using sourcemap for reporting an error: Can't resolve original[39m
[90m│[39m  [33mlocation of error.[39m
[90m│[39m
[33m▲[39m  [43mVite[49m [33m../../packages/ui/src/scatterchart/ScatterChart.tsx (1:0): Module[39m
[90m│[39m  [33mlevel directives cause errors when bundled, "use client" in[39m
[90m│[39m  [33m"../../packages/ui/src/scatterchart/ScatterChart.tsx" was ignored.[39m
[90m│[39m
[33m▲[39m  [43mVite[49m [33m../../packages/ui/src/timepicker/TimePicker.tsx (1:0): Error when[39m
[90m│[39m  [33musing sourcemap for reporting an error: Can't resolve original[39m
[90m│[39m  [33mlocation of error.[39m
[90m│[39m
[33m▲[39m  [43mVite[49m [33m../../packages/ui/src/timepicker/TimePicker.tsx (1:0): Module[39m
[90m│[39m  [33mlevel directives cause errors when bundled, "use client" in[39m
[90m│[39m  [33m"../../packages/ui/src/timepicker/TimePicker.tsx" was ignored.[39m
[90m│[39m
[33m▲[39m  [43mVite[49m [33m../../packages/ui/src/colorpicker/ColorPicker.tsx (1:0): Error[39m
[90m│[39m  [33mwhen using sourcemap for reporting an error: Can't resolve original[39m
[90m│[39m  [33mlocation of error.[39m
[90m│[39m
[33m▲[39m  [43mVite[49m [33m../../packages/ui/src/colorpicker/ColorPicker.tsx (1:0): Module[39m
[90m│[39m  [33mlevel directives cause errors when bundled, "use client" in[39m
[90m│[39m  [33m"../../packages/ui/src/colorpicker/ColorPicker.tsx" was ignored.[39m
[90m│[39m
[33m▲[39m  [43mVite[49m [33m../../packages/ui/src/datepicker/DatePicker.tsx (1:0): Error when[39m
[90m│[39m  [33musing sourcemap for reporting an error: Can't resolve original[39m
[90m│[39m  [33mlocation of error.[39m
[90m│[39m
[33m▲[39m  [43mVite[49m [33m../../packages/ui/src/datepicker/DatePicker.tsx (1:0): Module[39m
[90m│[39m  [33mlevel directives cause errors when bundled, "use client" in[39m
[90m│[39m  [33m"../../packages/ui/src/datepicker/DatePicker.tsx" was ignored.[39m
[90m│[39m
[33m▲[39m  [43mVite[49m [33m../../packages/ui/src/toggle/Toggle.tsx (1:0): Error when using[39m
[90m│[39m  [33msourcemap for reporting an error: Can't resolve original location of[39m
[90m│[39m  [33merror.[39m
[90m│[39m
[33m▲[39m  [43mVite[49m [33m../../packages/ui/src/toggle/Toggle.tsx (1:0): Module level[39m
[90m│[39m  [33mdirectives cause errors when bundled, "use client" in[39m
[90m│[39m  [33m"../../packages/ui/src/toggle/Toggle.tsx" was ignored.[39m
[90m│[39m
[33m▲[39m  [43mVite[49m [33m../../packages/ui/src/rangechart/RangeChart.tsx (1:0): Error when[39m
[90m│[39m  [33musing sourcemap for reporting an error: Can't resolve original[39m
[90m│[39m  [33mlocation of error.[39m
[90m│[39m
[33m▲[39m  [43mVite[49m [33m../../packages/ui/src/rangechart/RangeChart.tsx (1:0): Module[39m
[90m│[39m  [33mlevel directives cause errors when bundled, "use client" in[39m
[90m│[39m  [33m"../../packages/ui/src/rangechart/RangeChart.tsx" was ignored.[39m
[90m│[39m
[33m▲[39m  [43mVite[49m [33m../../packages/ui/src/accordion/Accordion.tsx (1:0): Error when[39m
[90m│[39m  [33musing sourcemap for reporting an error: Can't resolve original[39m
[90m│[39m  [33mlocation of error.[39m
[90m│[39m
[33m▲[39m  [43mVite[49m [33m../../packages/ui/src/accordion/Accordion.tsx (1:0): Module level[39m
[90m│[39m  [33mdirectives cause errors when bundled, "use client" in[39m
[90m│[39m  [33m"../../packages/ui/src/accordion/Accordion.tsx" was ignored.[39m
[90m│[39m
[33m▲[39m  [43mVite[49m [33m../../packages/ui/src/chart/Chart.tsx (1:0): Error when using[39m
[90m│[39m  [33msourcemap for reporting an error: Can't resolve original location of[39m
[90m│[39m  [33merror.[39m
[90m│[39m
[33m▲[39m  [43mVite[49m [33m../../packages/ui/src/chart/Chart.tsx (1:0): Module level[39m
[90m│[39m  [33mdirectives cause errors when bundled, "use client" in[39m
[90m│[39m  [33m"../../packages/ui/src/chart/Chart.tsx" was ignored.[39m
[90m│[39m
[33m▲[39m  [43mVite[49m [33m../../packages/ui/src/paretochart/ParetoChart.tsx (1:0): Error[39m
[90m│[39m  [33mwhen using sourcemap for reporting an error: Can't resolve original[39m
[90m│[39m  [33mlocation of error.[39m
[90m│[39m
[33m▲[39m  [43mVite[49m [33m../../packages/ui/src/paretochart/ParetoChart.tsx (1:0): Module[39m
[90m│[39m  [33mlevel directives cause errors when bundled, "use client" in[39m
[90m│[39m  [33m"../../packages/ui/src/paretochart/ParetoChart.tsx" was ignored.[39m
[90m│[39m
[33m▲[39m  [43mVite[49m [33m../../packages/ui/src/barchart/BarChart.tsx (1:0): Error when[39m
[90m│[39m  [33musing sourcemap for reporting an error: Can't resolve original[39m
[90m│[39m  [33mlocation of error.[39m
[90m│[39m
[33m▲[39m  [43mVite[49m [33m../../packages/ui/src/barchart/BarChart.tsx (1:0): Module level[39m
[90m│[39m  [33mdirectives cause errors when bundled, "use client" in[39m
[90m│[39m  [33m"../../packages/ui/src/barchart/BarChart.tsx" was ignored.[39m
[90m│[39m
[33m▲[39m  [43mVite[49m [33m../../packages/ui/src/emptystate/EmptyState.tsx (1:0): Error when[39m
[90m│[39m  [33musing sourcemap for reporting an error: Can't resolve original[39m
[90m│[39m  [33mlocation of error.[39m
[90m│[39m
[33m▲[39m  [43mVite[49m [33m../../packages/ui/src/emptystate/EmptyState.tsx (1:0): Module[39m
[90m│[39m  [33mlevel directives cause errors when bundled, "use client" in[39m
[90m│[39m  [33m"../../packages/ui/src/emptystate/EmptyState.tsx" was ignored.[39m
[90m│[39m
[33m▲[39m  [43mVite[49m [33m../../packages/ui/src/datepicker/MonthPicker.tsx (1:0): Error[39m
[90m│[39m  [33mwhen using sourcemap for reporting an error: Can't resolve original[39m
[90m│[39m  [33mlocation of error.[39m
[90m│[39m
[33m▲[39m  [43mVite[49m [33m../../packages/ui/src/datepicker/MonthPicker.tsx (1:0): Module[39m
[90m│[39m  [33mlevel directives cause errors when bundled, "use client" in[39m
[90m│[39m  [33m"../../packages/ui/src/datepicker/MonthPicker.tsx" was ignored.[39m
[90m│[39m
[33m▲[39m  [43mVite[49m [33m../../packages/ui/src/areachart/AreaChart.tsx (1:0): Error when[39m
[90m│[39m  [33musing sourcemap for reporting an error: Can't resolve original[39m
[90m│[39m  [33mlocation of error.[39m
[90m│[39m
[33m▲[39m  [43mVite[49m [33m../../packages/ui/src/areachart/AreaChart.tsx (1:0): Module level[39m
[90m│[39m  [33mdirectives cause errors when bundled, "use client" in[39m
[90m│[39m  [33m"../../packages/ui/src/areachart/AreaChart.tsx" was ignored.[39m
[90m│[39m
[33m▲[39m  [43mVite[49m [33m../../packages/ui/src/tooltip/Tooltip.tsx (1:0): Error when using[39m
[90m│[39m  [33msourcemap for reporting an error: Can't resolve original location of[39m
[90m│[39m  [33merror.[39m
[90m│[39m
[33m▲[39m  [43mVite[49m [33m../../packages/ui/src/tooltip/Tooltip.tsx (1:0): Module level[39m
[90m│[39m  [33mdirectives cause errors when bundled, "use client" in[39m
[90m│[39m  [33m"../../packages/ui/src/tooltip/Tooltip.tsx" was ignored.[39m
[90m│[39m
[33m▲[39m  [43mVite[49m [33m../../packages/ui/src/input/InputGroup.tsx (1:0): Error when[39m
[90m│[39m  [33musing sourcemap for reporting an error: Can't resolve original[39m
[90m│[39m  [33mlocation of error.[39m
[90m│[39m
[33m▲[39m  [43mVite[49m [33m../../packages/ui/src/input/InputGroup.tsx (1:0): Module level[39m
[90m│[39m  [33mdirectives cause errors when bundled, "use client" in[39m
[90m│[39m  [33m"../../packages/ui/src/input/InputGroup.tsx" was ignored.[39m
[90m│[39m
[33m▲[39m  [43mVite[49m [33m../../packages/ui/src/treemapchart/TreemapChart.tsx (1:0): Error[39m
[90m│[39m  [33mwhen using sourcemap for reporting an error: Can't resolve original[39m
[90m│[39m  [33mlocation of error.[39m
[90m│[39m
[33m▲[39m  [43mVite[49m [33m../../packages/ui/src/treemapchart/TreemapChart.tsx (1:0): Module[39m
[90m│[39m  [33mlevel directives cause errors when bundled, "use client" in[39m
[90m│[39m  [33m"../../packages/ui/src/treemapchart/TreemapChart.tsx" was ignored.[39m
[90m│[39m
[33m▲[39m  [43mVite[49m [33m../../packages/ui/src/chips/Chips.tsx (1:0): Error when using[39m
[90m│[39m  [33msourcemap for reporting an error: Can't resolve original location of[39m
[90m│[39m  [33merror.[39m
[90m│[39m
[33m▲[39m  [43mVite[49m [33m../../packages/ui/src/chips/Chips.tsx (1:0): Module level[39m
[90m│[39m  [33mdirectives cause errors when bundled, "use client" in[39m
[90m│[39m  [33m"../../packages/ui/src/chips/Chips.tsx" was ignored.[39m
[90m│[39m
[33m▲[39m  [43mVite[49m [33m../../packages/ui/src/triangularchart/TriangularChart.tsx (1:0):[39m
[90m│[39m  [33mError when using sourcemap for reporting an error: Can't resolve[39m
[90m│[39m  [33moriginal location of error.[39m
[90m│[39m
[33m▲[39m  [43mVite[49m [33m../../packages/ui/src/triangularchart/TriangularChart.tsx (1:0):[39m
[90m│[39m  [33mModule level directives cause errors when bundled, "use client" in[39m
[90m│[39m  [33m"../../packages/ui/src/triangularchart/TriangularChart.tsx" was[39m
[90m│[39m  [33mignored.[39m
[90m│[39m
[33m▲[39m  [43mVite[49m [33m../../packages/ui/src/tab/Tabs.tsx (1:0): Error when using[39m
[90m│[39m  [33msourcemap for reporting an error: Can't resolve original location of[39m
[90m│[39m  [33merror.[39m
[90m│[39m
[33m▲[39m  [43mVite[49m [33m../../packages/ui/src/tab/Tabs.tsx (1:0): Module level directives[39m
[90m│[39m  [33mcause errors when bundled, "use client" in[39m
[90m│[39m  [33m"../../packages/ui/src/tab/Tabs.tsx" was ignored.[39m
[90m│[39m
[33m▲[39m  [43mVite[49m [33m../../packages/ui/src/stepper/Stepper.tsx (1:0): Error when using[39m
[90m│[39m  [33msourcemap for reporting an error: Can't resolve original location of[39m
[90m│[39m  [33merror.[39m
[90m│[39m
[33m▲[39m  [43mVite[49m [33m../../packages/ui/src/stepper/Stepper.tsx (1:0): Module level[39m
[90m│[39m  [33mdirectives cause errors when bundled, "use client" in[39m
[90m│[39m  [33m"../../packages/ui/src/stepper/Stepper.tsx" was ignored.[39m
[90m│[39m
[33m▲[39m  [43mVite[49m [33m../../packages/ui/src/stackedchart/StackedChart.tsx (1:0): Error[39m
[90m│[39m  [33mwhen using sourcemap for reporting an error: Can't resolve original[39m
[90m│[39m  [33mlocation of error.[39m
[90m│[39m
[33m▲[39m  [43mVite[49m [33m../../packages/ui/src/stackedchart/StackedChart.tsx (1:0): Module[39m
[90m│[39m  [33mlevel directives cause errors when bundled, "use client" in[39m
[90m│[39m  [33m"../../packages/ui/src/stackedchart/StackedChart.tsx" was ignored.[39m
[90m│[39m
[33m▲[39m  [43mVite[49m [33m../../packages/ui/src/input/Input.tsx (1:0): Error when using[39m
[90m│[39m  [33msourcemap for reporting an error: Can't resolve original location of[39m
[90m│[39m  [33merror.[39m
[90m│[39m
[33m▲[39m  [43mVite[49m [33m../../packages/ui/src/input/Input.tsx (1:0): Module level[39m
[90m│[39m  [33mdirectives cause errors when bundled, "use client" in[39m
[90m│[39m  [33m"../../packages/ui/src/input/Input.tsx" was ignored.[39m
[90m│[39m
[33m▲[39m  [43mVite[49m [33m../../packages/ui/src/spinner/Spinner.tsx (1:0): Error when using[39m
[90m│[39m  [33msourcemap for reporting an error: Can't resolve original location of[39m
[90m│[39m  [33merror.[39m
[90m│[39m
[33m▲[39m  [43mVite[49m [33m../../packages/ui/src/spinner/Spinner.tsx (1:0): Module level[39m
[90m│[39m  [33mdirectives cause errors when bundled, "use client" in[39m
[90m│[39m  [33m"../../packages/ui/src/spinner/Spinner.tsx" was ignored.[39m
[90m│[39m
[33m▲[39m  [43mVite[49m [33m../../packages/ui/src/toaster/Toaster.tsx (1:0): Error when using[39m
[90m│[39m  [33msourcemap for reporting an error: Can't resolve original location of[39m
[90m│[39m  [33merror.[39m
[90m│[39m
[33m▲[39m  [43mVite[49m [33m../../packages/ui/src/toaster/Toaster.tsx (1:0): Module level[39m
[90m│[39m  [33mdirectives cause errors when bundled, "use client" in[39m
[90m│[39m  [33m"../../packages/ui/src/toaster/Toaster.tsx" was ignored.[39m
[90m│[39m
[33m▲[39m  [43mVite[49m [33m../../packages/ui/src/breadcrumb/Breadcrumb.tsx (1:0): Error when[39m
[90m│[39m  [33musing sourcemap for reporting an error: Can't resolve original[39m
[90m│[39m  [33mlocation of error.[39m
[90m│[39m
[33m▲[39m  [43mVite[49m [33m../../packages/ui/src/breadcrumb/Breadcrumb.tsx (1:0): Module[39m
[90m│[39m  [33mlevel directives cause errors when bundled, "use client" in[39m
[90m│[39m  [33m"../../packages/ui/src/breadcrumb/Breadcrumb.tsx" was ignored.[39m
[90m│[39m
[33m▲[39m  [43mVite[49m [33m../../packages/ui/src/listitemgroup/ListItemGroup.tsx (1:0):[39m
[90m│[39m  [33mError when using sourcemap for reporting an error: Can't resolve[39m
[90m│[39m  [33moriginal location of error.[39m
[90m│[39m
[33m▲[39m  [43mVite[49m [33m../../packages/ui/src/listitemgroup/ListItemGroup.tsx (1:0):[39m
[90m│[39m  [33mModule level directives cause errors when bundled, "use client" in[39m
[90m│[39m  [33m"../../packages/ui/src/listitemgroup/ListItemGroup.tsx" was ignored.[39m
[90m│[39m
[33m▲[39m  [43mVite[49m [33m../../packages/ui/src/composedchart/ComposedChart.tsx (1:0):[39m
[90m│[39m  [33mError when using sourcemap for reporting an error: Can't resolve[39m
[90m│[39m  [33moriginal location of error.[39m
[90m│[39m
[33m▲[39m  [43mVite[49m [33m../../packages/ui/src/composedchart/ComposedChart.tsx (1:0):[39m
[90m│[39m  [33mModule level directives cause errors when bundled, "use client" in[39m
[90m│[39m  [33m"../../packages/ui/src/composedchart/ComposedChart.tsx" was ignored.[39m
[90m│[39m
[33m▲[39m  [43mVite[49m [33m../../packages/ui/src/calendar/MonthCalendar.tsx (1:0): Error[39m
[90m│[39m  [33mwhen using sourcemap for reporting an error: Can't resolve original[39m
[90m│[39m  [33mlocation of error.[39m
[90m│[39m
[33m▲[39m  [43mVite[49m [33m../../packages/ui/src/calendar/MonthCalendar.tsx (1:0): Module[39m
[90m│[39m  [33mlevel directives cause errors when bundled, "use client" in[39m
[90m│[39m  [33m"../../packages/ui/src/calendar/MonthCalendar.tsx" was ignored.[39m
[90m│[39m
[33m▲[39m  [43mVite[49m [33m../../packages/ui/src/banner/Banner.tsx (1:0): Error when using[39m
[90m│[39m  [33msourcemap for reporting an error: Can't resolve original location of[39m
[90m│[39m  [33merror.[39m
[90m│[39m
[33m▲[39m  [43mVite[49m [33m../../packages/ui/src/banner/Banner.tsx (1:0): Module level[39m
[90m│[39m  [33mdirectives cause errors when bundled, "use client" in[39m
[90m│[39m  [33m"../../packages/ui/src/banner/Banner.tsx" was ignored.[39m
[90m│[39m
[33m▲[39m  [43mVite[49m [33m../../packages/ui/src/menu/Menu.tsx (1:0): Error when using[39m
[90m│[39m  [33msourcemap for reporting an error: Can't resolve original location of[39m
[90m│[39m  [33merror.[39m
[90m│[39m
[33m▲[39m  [43mVite[49m [33m../../packages/ui/src/menu/Menu.tsx (1:0): Module level[39m
[90m│[39m  [33mdirectives cause errors when bundled, "use client" in[39m
[90m│[39m  [33m"../../packages/ui/src/menu/Menu.tsx" was ignored.[39m
[90m│[39m
[33m▲[39m  [43mVite[49m [33m../../packages/ui/src/animatednumber/AnimatedNumber.tsx (1:0):[39m
[90m│[39m  [33mError when using sourcemap for reporting an error: Can't resolve[39m
[90m│[39m  [33moriginal location of error.[39m
[90m│[39m
[33m▲[39m  [43mVite[49m [33m../../packages/ui/src/animatednumber/AnimatedNumber.tsx (1:0):[39m
[90m│[39m  [33mModule level directives cause errors when bundled, "use client" in[39m
[90m│[39m  [33m"../../packages/ui/src/animatednumber/AnimatedNumber.tsx" was ignored.[39m
[90m│[39m
[33m▲[39m  [43mVite[49m [33m../../packages/ui/src/choroplethmap/ChoroplethMap.tsx (1:0):[39m
[90m│[39m  [33mError when using sourcemap for reporting an error: Can't resolve[39m
[90m│[39m  [33moriginal location of error.[39m
[90m│[39m
[33m▲[39m  [43mVite[49m [33m../../packages/ui/src/choroplethmap/ChoroplethMap.tsx (1:0):[39m
[90m│[39m  [33mModule level directives cause errors when bundled, "use client" in[39m
[90m│[39m  [33m"../../packages/ui/src/choroplethmap/ChoroplethMap.tsx" was ignored.[39m
[90m│[39m
[33m▲[39m  [43mVite[49m [33m../../packages/ui/src/calendar/Calendar.tsx (1:0): Error when[39m
[90m│[39m  [33musing sourcemap for reporting an error: Can't resolve original[39m
[90m│[39m  [33mlocation of error.[39m
[90m│[39m
[33m▲[39m  [43mVite[49m [33m../../packages/ui/src/calendar/Calendar.tsx (1:0): Module level[39m
[90m│[39m  [33mdirectives cause errors when bundled, "use client" in[39m
[90m│[39m  [33m"../../packages/ui/src/calendar/Calendar.tsx" was ignored.[39m
[90m│[39m
[33m▲[39m  [43mVite[49m [33m../../packages/ui/src/card/Card.tsx (1:0): Error when using[39m
[90m│[39m  [33msourcemap for reporting an error: Can't resolve original location of[39m
[90m│[39m  [33merror.[39m
[90m│[39m
[33m▲[39m  [43mVite[49m [33m../../packages/ui/src/card/Card.tsx (1:0): Module level[39m
[90m│[39m  [33mdirectives cause errors when bundled, "use client" in[39m
[90m│[39m  [33m"../../packages/ui/src/card/Card.tsx" was ignored.[39m
[90m│[39m
[33m▲[39m  [43mVite[49m [33m../../packages/ui/src/waterfallchart/WaterfallChart.tsx (1:0):[39m
[90m│[39m  [33mError when using sourcemap for reporting an error: Can't resolve[39m
[90m│[39m  [33moriginal location of error.[39m
[90m│[39m
[33m▲[39m  [43mVite[49m [33m../../packages/ui/src/waterfallchart/WaterfallChart.tsx (1:0):[39m
[90m│[39m  [33mModule level directives cause errors when bundled, "use client" in[39m
[90m│[39m  [33m"../../packages/ui/src/waterfallchart/WaterfallChart.tsx" was ignored.[39m
[90m│[39m
[33m▲[39m  [43mVite[49m [33m../../packages/ui/src/histogramchart/HistogramChart.tsx (1:0):[39m
[90m│[39m  [33mError when using sourcemap for reporting an error: Can't resolve[39m
[90m│[39m  [33moriginal location of error.[39m
[90m│[39m
[33m▲[39m  [43mVite[49m [33m../../packages/ui/src/histogramchart/HistogramChart.tsx (1:0):[39m
[90m│[39m  [33mModule level directives cause errors when bundled, "use client" in[39m
[90m│[39m  [33m"../../packages/ui/src/histogramchart/HistogramChart.tsx" was ignored.[39m
[90m│[39m
[33m▲[39m  [43mVite[49m [33m../../packages/ui/src/stepchart/StepChart.tsx (1:0): Error when[39m
[90m│[39m  [33musing sourcemap for reporting an error: Can't resolve original[39m
[90m│[39m  [33mlocation of error.[39m
[90m│[39m
[33m▲[39m  [43mVite[49m [33m../../packages/ui/src/stepchart/StepChart.tsx (1:0): Module level[39m
[90m│[39m  [33mdirectives cause errors when bundled, "use client" in[39m
[90m│[39m  [33m"../../packages/ui/src/stepchart/StepChart.tsx" was ignored.[39m
[90m│[39m
[33m▲[39m  [43mVite[49m [33m../../packages/ui/src/financialchart/FinancialChart.tsx (1:0):[39m
[90m│[39m  [33mError when using sourcemap for reporting an error: Can't resolve[39m
[90m│[39m  [33moriginal location of error.[39m
[90m│[39m
[33m▲[39m  [43mVite[49m [33m../../packages/ui/src/financialchart/FinancialChart.tsx (1:0):[39m
[90m│[39m  [33mModule level directives cause errors when bundled, "use client" in[39m
[90m│[39m  [33m"../../packages/ui/src/financialchart/FinancialChart.tsx" was ignored.[39m
[90m│[39m
[33m▲[39m  [43mVite[49m [33m../../packages/ui/src/radarchart/RadarChart.tsx (1:0): Error when[39m
[90m│[39m  [33musing sourcemap for reporting an error: Can't resolve original[39m
[90m│[39m  [33mlocation of error.[39m
[90m│[39m
[33m▲[39m  [43mVite[49m [33m../../packages/ui/src/radarchart/RadarChart.tsx (1:0): Module[39m
[90m│[39m  [33mlevel directives cause errors when bundled, "use client" in[39m
[90m│[39m  [33m"../../packages/ui/src/radarchart/RadarChart.tsx" was ignored.[39m
[90m│[39m
[33m▲[39m  [43mVite[49m [33m../../packages/ui/src/dragdrop/DragDrop.tsx (1:0): Error when[39m
[90m│[39m  [33musing sourcemap for reporting an error: Can't resolve original[39m
[90m│[39m  [33mlocation of error.[39m
[90m│[39m
[33m▲[39m  [43mVite[49m [33m../../packages/ui/src/dragdrop/DragDrop.tsx (1:0): Module level[39m
[90m│[39m  [33mdirectives cause errors when bundled, "use client" in[39m
[90m│[39m  [33m"../../packages/ui/src/dragdrop/DragDrop.tsx" was ignored.[39m
[90m│[39m
[33m▲[39m  [43mVite[49m [33m../../packages/ui/src/donutchart/DonutChart.tsx (1:0): Error when[39m
[90m│[39m  [33musing sourcemap for reporting an error: Can't resolve original[39m
[90m│[39m  [33mlocation of error.[39m
[90m│[39m
[33m▲[39m  [43mVite[49m [33m../../packages/ui/src/donutchart/DonutChart.tsx (1:0): Module[39m
[90m│[39m  [33mlevel directives cause errors when bundled, "use client" in[39m
[90m│[39m  [33m"../../packages/ui/src/donutchart/DonutChart.tsx" was ignored.[39m
[90m│[39m
[33m▲[39m  [43mVite[49m [33m../../packages/ui/src/sidebar/Sidebar.tsx (1:0): Error when using[39m
[90m│[39m  [33msourcemap for reporting an error: Can't resolve original location of[39m
[90m│[39m  [33merror.[39m
[90m│[39m
[33m▲[39m  [43mVite[49m [33m../../packages/ui/src/sidebar/Sidebar.tsx (1:0): Module level[39m
[90m│[39m  [33mdirectives cause errors when bundled, "use client" in[39m
[90m│[39m  [33m"../../packages/ui/src/sidebar/Sidebar.tsx" was ignored.[39m
[90m│[39m
[33m▲[39m  [43mVite[49m [33m../../packages/ui/src/modal/Modal.tsx (1:0): Error when using[39m
[90m│[39m  [33msourcemap for reporting an error: Can't resolve original location of[39m
[90m│[39m  [33merror.[39m
[90m│[39m
[33m▲[39m  [43mVite[49m [33m../../packages/ui/src/modal/Modal.tsx (1:0): Module level[39m
[90m│[39m  [33mdirectives cause errors when bundled, "use client" in[39m
[90m│[39m  [33m"../../packages/ui/src/modal/Modal.tsx" was ignored.[39m
[90m│[39m
[33m▲[39m  [43mVite[49m [33m../../packages/ui/src/table/Table.tsx (1:0): Error when using[39m
[90m│[39m  [33msourcemap for reporting an error: Can't resolve original location of[39m
[90m│[39m  [33merror.[39m
[90m│[39m
[33m▲[39m  [43mVite[49m [33m../../packages/ui/src/table/Table.tsx (1:0): Module level[39m
[90m│[39m  [33mdirectives cause errors when bundled, "use client" in[39m
[90m│[39m  [33m"../../packages/ui/src/table/Table.tsx" was ignored.[39m
[90m│[39m  [43mVite[49m [32m✓[39m 1007 modules transformed.
[90m│[39m  [43mVite[49m rendering chunks...
[90m│[39m  [43mVite[49m computing gzip size...
[90m│[39m  [43mVite[49m
[90m│[39m  [2m../../../../../Users/Asus/AppData/Local/Temp/chromatic--13780-kh0T0A7yvaDL/[22m[32miframe.html[39m[1m[2m[22m
[90m│[39m  [2m19.16 kB[22m[1m[22m[2m │ gzip:   5.32 kB[22m
[90m│[39m  [43mVite[49m
[90m│[39m  [2m../../../../../Users/Asus/AppData/Local/Temp/chromatic--13780-kh0T0A7yvaDL/[22m[35massets/AreaChart-DFdUyxVN.css[39m[1m[2m[22m
[90m│[39m  [2m0.07 kB[22m[1m[22m[2m │ gzip:   0.09 kB[22m
[90m│[39m  [43mVite[49m
[90m│[39m  [2m../../../../../Users/Asus/AppData/Local/Temp/chromatic--13780-kh0T0A7yvaDL/[22m[35massets/LineChart-KpoYQWJx.css[39m[1m[2m[22m
[90m│[39m  [2m0.07 kB[22m[1m[22m[2m │ gzip:   0.09 kB[22m
[90m│[39m  [43mVite[49m
[90m│[39m  [2m../../../../../Users/Asus/AppData/Local/Temp/chromatic--13780-kh0T0A7yvaDL/[22m[35massets/StepChart-DnY_JFY6.css[39m[1m[2m[22m
[90m│[39m  [2m0.07 kB[22m[1m[22m[2m │ gzip:   0.09 kB[22m
[90m│[39m  [43mVite[49m
[90m│[39m  [2m../../../../../Users/Asus/AppData/Local/Temp/chromatic--13780-kh0T0A7yvaDL/[22m[35massets/RangeChart-00tEoH4X.css[39m[1m[2m[22m
[90m│[39m  [2m0.07 kB[22m[1m[22m[2m │ gzip:   0.09 kB[22m
[90m│[39m  [43mVite[49m
[90m│[39m  [2m../../../../../Users/Asus/AppData/Local/Temp/chromatic--13780-kh0T0A7yvaDL/[22m[35massets/BubbleChart-Bc4pm4ZN.css[39m[1m[2m[22m
[90m│[39m  [2m0.07 kB[22m[1m[22m[2m │ gzip:   0.09 kB[22m
[90m│[39m  [43mVite[49m
[90m│[39m  [2m../../../../../Users/Asus/AppData/Local/Temp/chromatic--13780-kh0T0A7yvaDL/[22m[35massets/ParetoChart-BY3Ph-mY.css[39m[1m[2m[22m
[90m│[39m  [2m0.07 kB[22m[1m[22m[2m │ gzip:   0.09 kB[22m
[90m│[39m  [43mVite[49m
[90m│[39m  [2m../../../../../Users/Asus/AppData/Local/Temp/chromatic--13780-kh0T0A7yvaDL/[22m[35massets/ScatterChart-zZha5lMd.css[39m[1m[2m[22m
[90m│[39m  [2m0.07 kB[22m[1m[22m[2m │ gzip:   0.09 kB[22m
[90m│[39m  [43mVite[49m
[90m│[39m  [2m../../../../../Users/Asus/AppData/Local/Temp/chromatic--13780-kh0T0A7yvaDL/[22m[35massets/StackedChart-BnzwZIWd.css[39m[1m[2m[22m
[90m│[39m  [2m0.07 kB[22m[1m[22m[2m │ gzip:   0.09 kB[22m
[90m│[39m  [43mVite[49m
[90m│[39m  [2m../../../../../Users/Asus/AppData/Local/Temp/chromatic--13780-kh0T0A7yvaDL/[22m[35massets/ComposedChart-Dp6XV8LP.css[39m[1m[2m[22m
[90m│[39m  [2m0.07 kB[22m[1m[22m[2m │ gzip:   0.09 kB[22m
[90m│[39m  [43mVite[49m
[90m│[39m  [2m../../../../../Users/Asus/AppData/Local/Temp/chromatic--13780-kh0T0A7yvaDL/[22m[35massets/FinancialChart-DMzi-7Em.css[39m[1m[2m[22m
[90m│[39m  [2m0.07 kB[22m[1m[22m[2m │ gzip:   0.09 kB[22m
[90m│[39m  [43mVite[49m
[90m│[39m  [2m../../../../../Users/Asus/AppData/Local/Temp/chromatic--13780-kh0T0A7yvaDL/[22m[35massets/WaterfallChart-iStR8xjV.css[39m[1m[2m[22m
[90m│[39m  [2m0.07 kB[22m[1m[22m[2m │ gzip:   0.09 kB[22m
[90m│[39m  [43mVite[49m
[90m│[39m  [2m../../../../../Users/Asus/AppData/Local/Temp/chromatic--13780-kh0T0A7yvaDL/[22m[35massets/Skeleton-AOPIvURa.css[39m[1m[2m[22m
[90m│[39m  [2m0.85 kB[22m[1m[22m[2m │ gzip:   0.41 kB[22m
[90m│[39m  [43mVite[49m
[90m│[39m  [2m../../../../../Users/Asus/AppData/Local/Temp/chromatic--13780-kh0T0A7yvaDL/[22m[35massets/TriangularChart-B1K63NAj.css[39m[1m[2m[22m
[90m│[39m  [2m1.37 kB[22m[1m[22m[2m │ gzip:   0.53 kB[22m
[90m│[39m  [43mVite[49m
[90m│[39m  [2m../../../../../Users/Asus/AppData/Local/Temp/chromatic--13780-kh0T0A7yvaDL/[22m[35massets/Spinner-R8s20JcX.css[39m[1m[2m[22m
[90m│[39m  [2m2.16 kB[22m[1m[22m[2m │ gzip:   0.63 kB[22m
[90m│[39m  [43mVite[49m
[90m│[39m  [2m../../../../../Users/Asus/AppData/Local/Temp/chromatic--13780-kh0T0A7yvaDL/[22m[35massets/CorrelationChart-DQnAdEsc.css[39m[1m[2m[22m
[90m│[39m  [2m2.39 kB[22m[1m[22m[2m │ gzip:   0.75 kB[22m
[90m│[39m  [43mVite[49m
[90m│[39m  [2m../../../../../Users/Asus/AppData/Local/Temp/chromatic--13780-kh0T0A7yvaDL/[22m[35massets/ClearButton-CR0kYU4R.css[39m[1m[2m[22m
[90m│[39m  [2m2.49 kB[22m[1m[22m[2m │ gzip:   0.69 kB[22m
[90m│[39m  [43mVite[49m
[90m│[39m  [2m../../../../../Users/Asus/AppData/Local/Temp/chromatic--13780-kh0T0A7yvaDL/[22m[35massets/DragDrop-D1ZUMfdV.css[39m[1m[2m[22m
[90m│[39m  [2m2.55 kB[22m[1m[22m[2m │ gzip:   0.69 kB[22m
[90m│[39m  [43mVite[49m
[90m│[39m  [2m../../../../../Users/Asus/AppData/Local/Temp/chromatic--13780-kh0T0A7yvaDL/[22m[35massets/Typography-Dxp8b4KF.css[39m[1m[2m[22m
[90m│[39m  [2m3.10 kB[22m[1m[22m[2m │ gzip:   0.69 kB[22m
[90m│[39m  [43mVite[49m
[90m│[39m  [2m../../../../../Users/Asus/AppData/Local/Temp/chromatic--13780-kh0T0A7yvaDL/[22m[35massets/HeatmapChart-BnwbRQz1.css[39m[1m[2m[22m
[90m│[39m  [2m3.21 kB[22m[1m[22m[2m │ gzip:   1.09 kB[22m
[90m│[39m  [43mVite[49m
[90m│[39m  [2m../../../../../Users/Asus/AppData/Local/Temp/chromatic--13780-kh0T0A7yvaDL/[22m[35massets/TreemapChart-krD7ybKd.css[39m[1m[2m[22m
[90m│[39m  [2m3.37 kB[22m[1m[22m[2m │ gzip:   0.95 kB[22m
[90m│[39m  [43mVite[49m
[90m│[39m  [2m../../../../../Users/Asus/AppData/Local/Temp/chromatic--13780-kh0T0A7yvaDL/[22m[35massets/TimelineChart-DmisfP_S.css[39m[1m[2m[22m
[90m│[39m  [2m3.41 kB[22m[1m[22m[2m │ gzip:   0.95 kB[22m
[90m│[39m  [43mVite[49m
[90m│[39m  [2m../../../../../Users/Asus/AppData/Local/Temp/chromatic--13780-kh0T0A7yvaDL/[22m[35massets/BoxWhiskerChart-jP68X8k2.css[39m[1m[2m[22m
[90m│[39m  [2m3.60 kB[22m[1m[22m[2m │ gzip:   1.01 kB[22m
[90m│[39m  [43mVite[49m
[90m│[39m  [2m../../../../../Users/Asus/AppData/Local/Temp/chromatic--13780-kh0T0A7yvaDL/[22m[35massets/Toggle-ylr6ZkMC.css[39m[1m[2m[22m
[90m│[39m  [2m3.71 kB[22m[1m[22m[2m │ gzip:   0.92 kB[22m
[90m│[39m  [43mVite[49m
[90m│[39m  [2m../../../../../Users/Asus/AppData/Local/Temp/chromatic--13780-kh0T0A7yvaDL/[22m[35massets/Textarea-DGfGmAQ-.css[39m[1m[2m[22m
[90m│[39m  [2m3.97 kB[22m[1m[22m[2m │ gzip:   1.08 kB[22m
[90m│[39m  [43mVite[49m
[90m│[39m  [2m../../../../../Users/Asus/AppData/Local/Temp/chromatic--13780-kh0T0A7yvaDL/[22m[35massets/PieChart-bHv5p86y.css[39m[1m[2m[22m
[90m│[39m  [2m4.14 kB[22m[1m[22m[2m │ gzip:   1.23 kB[22m
[90m│[39m  [43mVite[49m
[90m│[39m  [2m../../../../../Users/Asus/AppData/Local/Temp/chromatic--13780-kh0T0A7yvaDL/[22m[35massets/GaugeChart--iEf9JnZ.css[39m[1m[2m[22m
[90m│[39m  [2m4.43 kB[22m[1m[22m[2m │ gzip:   1.31 kB[22m
[90m│[39m  [43mVite[49m
[90m│[39m  [2m../../../../../Users/Asus/AppData/Local/Temp/chromatic--13780-kh0T0A7yvaDL/[22m[35massets/RadioGroup--UJ0hjZ9.css[39m[1m[2m[22m
[90m│[39m  [2m4.53 kB[22m[1m[22m[2m │ gzip:   1.07 kB[22m
[90m│[39m  [43mVite[49m
[90m│[39m  [2m../../../../../Users/Asus/AppData/Local/Temp/chromatic--13780-kh0T0A7yvaDL/[22m[35massets/RadarChart-pgm-eTgJ.css[39m[1m[2m[22m
[90m│[39m  [2m4.54 kB[22m[1m[22m[2m │ gzip:   1.24 kB[22m
[90m│[39m  [43mVite[49m
[90m│[39m  [2m../../../../../Users/Asus/AppData/Local/Temp/chromatic--13780-kh0T0A7yvaDL/[22m[35massets/Input-5aBM3dL_.css[39m[1m[2m[22m
[90m│[39m  [2m4.97 kB[22m[1m[22m[2m │ gzip:   1.20 kB[22m
[90m│[39m  [43mVite[49m
[90m│[39m  [2m../../../../../Users/Asus/AppData/Local/Temp/chromatic--13780-kh0T0A7yvaDL/[22m[35massets/HistogramChart-BRs3mGfX.css[39m[1m[2m[22m
[90m│[39m  [2m4.97 kB[22m[1m[22m[2m │ gzip:   1.29 kB[22m
[90m│[39m  [43mVite[49m
[90m│[39m  [2m../../../../../Users/Asus/AppData/Local/Temp/chromatic--13780-kh0T0A7yvaDL/[22m[35massets/Chips-BaLvpxr1.css[39m[1m[2m[22m
[90m│[39m  [2m5.07 kB[22m[1m[22m[2m │ gzip:   1.33 kB[22m
[90m│[39m  [43mVite[49m
[90m│[39m  [2m../../../../../Users/Asus/AppData/Local/Temp/chromatic--13780-kh0T0A7yvaDL/[22m[35massets/DonutChart-tb47nawp.css[39m[1m[2m[22m
[90m│[39m  [2m5.65 kB[22m[1m[22m[2m │ gzip:   1.51 kB[22m
[90m│[39m  [43mVite[49m
[90m│[39m  [2m../../../../../Users/Asus/AppData/Local/Temp/chromatic--13780-kh0T0A7yvaDL/[22m[35massets/AnimatedNumber-gfKOKsCR.css[39m[1m[2m[22m
[90m│[39m  [2m5.77 kB[22m[1m[22m[2m │ gzip:   1.31 kB[22m
[90m│[39m  [43mVite[49m
[90m│[39m  [2m../../../../../Users/Asus/AppData/Local/Temp/chromatic--13780-kh0T0A7yvaDL/[22m[35massets/Breadcrumb-DZeMJfse.css[39m[1m[2m[22m
[90m│[39m  [2m6.49 kB[22m[1m[22m[2m │ gzip:   1.32 kB[22m
[90m│[39m  [43mVite[49m
[90m│[39m  [2m../../../../../Users/Asus/AppData/Local/Temp/chromatic--13780-kh0T0A7yvaDL/[22m[35massets/Modal-CuHntfRK.css[39m[1m[2m[22m
[90m│[39m  [2m6.54 kB[22m[1m[22m[2m │ gzip:   1.49 kB[22m
[90m│[39m  [43mVite[49m
[90m│[39m  [2m../../../../../Users/Asus/AppData/Local/Temp/chromatic--13780-kh0T0A7yvaDL/[22m[35massets/ListItemGroup-aTtK8lag.css[39m[1m[2m[22m
[90m│[39m  [2m7.10 kB[22m[1m[22m[2m │ gzip:   1.52 kB[22m
[90m│[39m  [43mVite[49m
[90m│[39m  [2m../../../../../Users/Asus/AppData/Local/Temp/chromatic--13780-kh0T0A7yvaDL/[22m[35massets/Stepper-CoThC2W2.css[39m[1m[2m[22m
[90m│[39m  [2m7.81 kB[22m[1m[22m[2m │ gzip:   1.45 kB[22m
[90m│[39m  [43mVite[49m
[90m│[39m  [2m../../../../../Users/Asus/AppData/Local/Temp/chromatic--13780-kh0T0A7yvaDL/[22m[35massets/EmptyState-CBwUIx08.css[39m[1m[2m[22m
[90m│[39m  [2m8.56 kB[22m[1m[22m[2m │ gzip:   1.76 kB[22m
[90m│[39m  [43mVite[49m
[90m│[39m  [2m../../../../../Users/Asus/AppData/Local/Temp/chromatic--13780-kh0T0A7yvaDL/[22m[35massets/StepTab-bjEC7Znu.css[39m[1m[2m[22m
[90m│[39m  [2m8.93 kB[22m[1m[22m[2m │ gzip:   1.43 kB[22m
[90m│[39m  [43mVite[49m
[90m│[39m  [2m../../../../../Users/Asus/AppData/Local/Temp/chromatic--13780-kh0T0A7yvaDL/[22m[35massets/Checkbox-BT9IwMvh.css[39m[1m[2m[22m
[90m│[39m  [2m8.97 kB[22m[1m[22m[2m │ gzip:   1.30 kB[22m
[90m│[39m  [43mVite[49m
[90m│[39m  [2m../../../../../Users/Asus/AppData/Local/Temp/chromatic--13780-kh0T0A7yvaDL/[22m[35massets/Card-BJd6bAd9.css[39m[1m[2m[22m
[90m│[39m  [2m9.25 kB[22m[1m[22m[2m │ gzip:   1.78 kB[22m
[90m│[39m  [43mVite[49m
[90m│[39m  [2m../../../../../Users/Asus/AppData/Local/Temp/chromatic--13780-kh0T0A7yvaDL/[22m[35massets/Tooltip-UJwe2j_5.css[39m[1m[2m[22m
[90m│[39m  [2m9.40 kB[22m[1m[22m[2m │ gzip:   1.80 kB[22m
[90m│[39m  [43mVite[49m
[90m│[39m  [2m../../../../../Users/Asus/AppData/Local/Temp/chromatic--13780-kh0T0A7yvaDL/[22m[35massets/ChoroplethMap-U4OHLOvr.css[39m[1m[2m[22m
[90m│[39m  [2m9.44 kB[22m[1m[22m[2m │ gzip:   2.24 kB[22m
[90m│[39m  [43mVite[49m
[90m│[39m  [2m../../../../../Users/Asus/AppData/Local/Temp/chromatic--13780-kh0T0A7yvaDL/[22m[35massets/ColorPicker-D_dWVIyR.css[39m[1m[2m[22m
[90m│[39m  [2m10.08 kB[22m[1m[22m[2m │ gzip:   2.07 kB[22m
[90m│[39m  [43mVite[49m
[90m│[39m  [2m../../../../../Users/Asus/AppData/Local/Temp/chromatic--13780-kh0T0A7yvaDL/[22m[35massets/FileUpload-DASK8hOO.css[39m[1m[2m[22m
[90m│[39m  [2m10.33 kB[22m[1m[22m[2m │ gzip:   1.81 kB[22m
[90m│[39m  [43mVite[49m
[90m│[39m  [2m../../../../../Users/Asus/AppData/Local/Temp/chromatic--13780-kh0T0A7yvaDL/[22m[35massets/Banner-CEPNkrW4.css[39m[1m[2m[22m
[90m│[39m  [2m12.50 kB[22m[1m[22m[2m │ gzip:   2.12 kB[22m
[90m│[39m  [43mVite[49m
[90m│[39m  [2m../../../../../Users/Asus/AppData/Local/Temp/chromatic--13780-kh0T0A7yvaDL/[22m[35massets/ProgressBar-CIX3Eo6S.css[39m[1m[2m[22m
[90m│[39m  [2m13.05 kB[22m[1m[22m[2m │ gzip:   2.26 kB[22m
[90m│[39m  [43mVite[49m
[90m│[39m  [2m../../../../../Users/Asus/AppData/Local/Temp/chromatic--13780-kh0T0A7yvaDL/[22m[35massets/InputGroup-V9XNna5I.css[39m[1m[2m[22m
[90m│[39m  [2m13.08 kB[22m[1m[22m[2m │ gzip:   1.62 kB[22m
[90m│[39m  [43mVite[49m
[90m│[39m  [2m../../../../../Users/Asus/AppData/Local/Temp/chromatic--13780-kh0T0A7yvaDL/[22m[35massets/Accordion-jNN0ry57.css[39m[1m[2m[22m
[90m│[39m  [2m13.17 kB[22m[1m[22m[2m │ gzip:   2.20 kB[22m
[90m│[39m  [43mVite[49m
[90m│[39m  [2m../../../../../Users/Asus/AppData/Local/Temp/chromatic--13780-kh0T0A7yvaDL/[22m[35massets/Toaster--BzLe936.css[39m[1m[2m[22m
[90m│[39m  [2m14.39 kB[22m[1m[22m[2m │ gzip:   2.41 kB[22m
[90m│[39m  [43mVite[49m
[90m│[39m  [2m../../../../../Users/Asus/AppData/Local/Temp/chromatic--13780-kh0T0A7yvaDL/[22m[35massets/Menu-DX_7vYwB.css[39m[1m[2m[22m
[90m│[39m  [2m15.35 kB[22m[1m[22m[2m │ gzip:   2.22 kB[22m
[90m│[39m  [43mVite[49m
[90m│[39m  [2m../../../../../Users/Asus/AppData/Local/Temp/chromatic--13780-kh0T0A7yvaDL/[22m[35massets/BarChart-HV4IJRIV.css[39m[1m[2m[22m
[90m│[39m  [2m16.07 kB[22m[1m[22m[2m │ gzip:   3.06 kB[22m
[90m│[39m  [43mVite[49m
[90m│[39m  [2m../../../../../Users/Asus/AppData/Local/Temp/chromatic--13780-kh0T0A7yvaDL/[22m[35massets/Button-DTYNtGgb.css[39m[1m[2m[22m
[90m│[39m  [2m20.16 kB[22m[1m[22m[2m │ gzip:   3.03 kB[22m
[90m│[39m  [43mVite[49m
[90m│[39m  [2m../../../../../Users/Asus/AppData/Local/Temp/chromatic--13780-kh0T0A7yvaDL/[22m[35massets/Dropdown-BYiODa3J.css[39m[1m[2m[22m
[90m│[39m  [2m22.64 kB[22m[1m[22m[2m │ gzip:   3.26 kB[22m
[90m│[39m  [43mVite[49m
[90m│[39m  [2m../../../../../Users/Asus/AppData/Local/Temp/chromatic--13780-kh0T0A7yvaDL/[22m[35massets/TimePicker-BL2rdWDp.css[39m[1m[2m[22m
[90m│[39m  [2m24.18 kB[22m[1m[22m[2m │ gzip:   2.77 kB[22m
[90m│[39m  [43mVite[49m
[90m│[39m  [2m../../../../../Users/Asus/AppData/Local/Temp/chromatic--13780-kh0T0A7yvaDL/[22m[35massets/Tabs-BiFombYM.css[39m[1m[2m[22m
[90m│[39m  [2m26.06 kB[22m[1m[22m[2m │ gzip:   3.05 kB[22m
[90m│[39m  [43mVite[49m
[90m│[39m  [2m../../../../../Users/Asus/AppData/Local/Temp/chromatic--13780-kh0T0A7yvaDL/[22m[35massets/Sidebar-Z3ERf9sn.css[39m[1m[2m[22m
[90m│[39m  [2m29.31 kB[22m[1m[22m[2m │ gzip:   4.21 kB[22m
[90m│[39m  [43mVite[49m
[90m│[39m  [2m../../../../../Users/Asus/AppData/Local/Temp/chromatic--13780-kh0T0A7yvaDL/[22m[35massets/Table-BOLeHMFn.css[39m[1m[2m[22m
[90m│[39m  [2m29.69 kB[22m[1m[22m[2m │ gzip:   4.18 kB[22m
[90m│[39m  [43mVite[49m
[90m│[39m  [2m../../../../../Users/Asus/AppData/Local/Temp/chromatic--13780-kh0T0A7yvaDL/[22m[35massets/calendar-DUq9DjPq.css[39m[1m[2m[22m
[90m│[39m  [2m35.03 kB[22m[1m[22m[2m │ gzip:   3.77 kB[22m
[90m│[39m  [43mVite[49m
[90m│[39m  [2m../../../../../Users/Asus/AppData/Local/Temp/chromatic--13780-kh0T0A7yvaDL/[22m[35massets/datepicker-Djx0EPR_.css[39m[1m[2m[22m
[90m│[39m  [2m39.59 kB[22m[1m[22m[2m │ gzip:   4.75 kB[22m
[90m│[39m  [43mVite[49m
[90m│[39m  [2m../../../../../Users/Asus/AppData/Local/Temp/chromatic--13780-kh0T0A7yvaDL/[22m[35massets/iframe-BEmrAWnj.css[39m[1m[2m[22m
[90m│[39m  [2m539.17 kB[22m[1m[22m[2m │ gzip:  64.73 kB[22m
[90m│[39m  [43mVite[49m
[90m│[39m  [2m../../../../../Users/Asus/AppData/Local/Temp/chromatic--13780-kh0T0A7yvaDL/[22m[36massets/formatter-L2YTDE3Q-B5jQ0zJt.js[39m[1m[2m[22m
[90m│[39m  [2m0.26 kB[22m[1m[22m[2m │ gzip:   0.22 kB[22m
[90m│[39m  [43mVite[49m
[90m│[39m  [2m../../../../../Users/Asus/AppData/Local/Temp/chromatic--13780-kh0T0A7yvaDL/[22m[36massets/AreaChart-Cqh6UrXz.js[39m[1m[2m[22m
[90m│[39m  [2m0.31 kB[22m[1m[22m[2m │ gzip:   0.23 kB[22m
[90m│[39m  [43mVite[49m
[90m│[39m  [2m../../../../../Users/Asus/AppData/Local/Temp/chromatic--13780-kh0T0A7yvaDL/[22m[36massets/LineChart-D1yXzibH.js[39m[1m[2m[22m
[90m│[39m  [2m0.31 kB[22m[1m[22m[2m │ gzip:   0.23 kB[22m
[90m│[39m  [43mVite[49m
[90m│[39m  [2m../../../../../Users/Asus/AppData/Local/Temp/chromatic--13780-kh0T0A7yvaDL/[22m[36massets/BarChart-0xiytuTX.js[39m[1m[2m[22m
[90m│[39m  [2m0.35 kB[22m[1m[22m[2m │ gzip:   0.25 kB[22m
[90m│[39m  [43mVite[49m
[90m│[39m  [2m../../../../../Users/Asus/AppData/Local/Temp/chromatic--13780-kh0T0A7yvaDL/[22m[36massets/ScatterChart-Br05EMzT.js[39m[1m[2m[22m
[90m│[39m  [2m0.42 kB[22m[1m[22m[2m │ gzip:   0.28 kB[22m
[90m│[39m  [43mVite[49m
[90m│[39m  [2m../../../../../Users/Asus/AppData/Local/Temp/chromatic--13780-kh0T0A7yvaDL/[22m[36massets/ComposedChart-Du55nCYo.js[39m[1m[2m[22m
[90m│[39m  [2m0.45 kB[22m[1m[22m[2m │ gzip:   0.29 kB[22m
[90m│[39m  [43mVite[49m
[90m│[39m  [2m../../../../../Users/Asus/AppData/Local/Temp/chromatic--13780-kh0T0A7yvaDL/[22m[36massets/Skeleton-C92rzX5D.js[39m[1m[2m[22m
[90m│[39m  [2m0.87 kB[22m[1m[22m[2m │ gzip:   0.43 kB[22m
[90m│[39m  [43mVite[49m
[90m│[39m  [2m../../../../../Users/Asus/AppData/Local/Temp/chromatic--13780-kh0T0A7yvaDL/[22m[36massets/preload-helper-Dp1pzeXC.js[39m[1m[2m[22m
[90m│[39m  [2m1.27 kB[22m[1m[22m[2m │ gzip:   0.73 kB[22m
[90m│[39m  [43mVite[49m
[90m│[39m  [2m../../../../../Users/Asus/AppData/Local/Temp/chromatic--13780-kh0T0A7yvaDL/[22m[36massets/Spinner-DTovx6Kd.js[39m[1m[2m[22m
[90m│[39m  [2m1.37 kB[22m[1m[22m[2m │ gzip:   0.55 kB[22m
[90m│[39m  [43mVite[49m
[90m│[39m  [2m../../../../../Users/Asus/AppData/Local/Temp/chromatic--13780-kh0T0A7yvaDL/[22m[36massets/ClearButton-BL8Ndc3p.js[39m[1m[2m[22m
[90m│[39m  [2m1.54 kB[22m[1m[22m[2m │ gzip:   0.69 kB[22m
[90m│[39m  [43mVite[49m
[90m│[39m  [2m../../../../../Users/Asus/AppData/Local/Temp/chromatic--13780-kh0T0A7yvaDL/[22m[36massets/Catalog.stories-ClSD2VtL.js[39m[1m[2m[22m
[90m│[39m  [2m2.63 kB[22m[1m[22m[2m │ gzip:   0.94 kB[22m
[90m│[39m  [43mVite[49m
[90m│[39m  [2m../../../../../Users/Asus/AppData/Local/Temp/chromatic--13780-kh0T0A7yvaDL/[22m[36massets/EmptyState-BJG6QyMh.js[39m[1m[2m[22m
[90m│[39m  [2m2.83 kB[22m[1m[22m[2m │ gzip:   0.98 kB[22m
[90m│[39m  [43mVite[49m
[90m│[39m  [2m../../../../../Users/Asus/AppData/Local/Temp/chromatic--13780-kh0T0A7yvaDL/[22m[36massets/Polygon-IsmELVL9.js[39m[1m[2m[22m
[90m│[39m  [2m2.86 kB[22m[1m[22m[2m │ gzip:   1.28 kB[22m
[90m│[39m  [43mVite[49m
[90m│[39m  [2m../../../../../Users/Asus/AppData/Local/Temp/chromatic--13780-kh0T0A7yvaDL/[22m[36massets/Toggle-w_ldY_CE.js[39m[1m[2m[22m
[90m│[39m  [2m2.87 kB[22m[1m[22m[2m │ gzip:   1.09 kB[22m
[90m│[39m  [43mVite[49m
[90m│[39m  [2m../../../../../Users/Asus/AppData/Local/Temp/chromatic--13780-kh0T0A7yvaDL/[22m[36massets/Typography-CLDdezF0.js[39m[1m[2m[22m
[90m│[39m  [2m2.98 kB[22m[1m[22m[2m │ gzip:   0.86 kB[22m
[90m│[39m  [43mVite[49m
[90m│[39m  [2m../../../../../Users/Asus/AppData/Local/Temp/chromatic--13780-kh0T0A7yvaDL/[22m[36massets/RadioGroup-D_46GWkD.js[39m[1m[2m[22m
[90m│[39m  [2m3.07 kB[22m[1m[22m[2m │ gzip:   1.02 kB[22m
[90m│[39m  [43mVite[49m
[90m│[39m  [2m../../../../../Users/Asus/AppData/Local/Temp/chromatic--13780-kh0T0A7yvaDL/[22m[36massets/Tabs-Bv-Q08AM.js[39m[1m[2m[22m
[90m│[39m  [2m3.10 kB[22m[1m[22m[2m │ gzip:   1.07 kB[22m
[90m│[39m  [43mVite[49m
[90m│[39m  [2m../../../../../Users/Asus/AppData/Local/Temp/chromatic--13780-kh0T0A7yvaDL/[22m[36massets/Checkbox-DFbAxIRl.js[39m[1m[2m[22m
[90m│[39m  [2m3.21 kB[22m[1m[22m[2m │ gzip:   1.15 kB[22m
[90m│[39m  [43mVite[49m
[90m│[39m  [2m../../../../../Users/Asus/AppData/Local/Temp/chromatic--13780-kh0T0A7yvaDL/[22m[36massets/Spinner.stories-BNMTOySY.js[39m[1m[2m[22m
[90m│[39m  [2m3.26 kB[22m[1m[22m[2m │ gzip:   1.14 kB[22m
[90m│[39m  [43mVite[49m
[90m│[39m  [2m../../../../../Users/Asus/AppData/Local/Temp/chromatic--13780-kh0T0A7yvaDL/[22m[36massets/Introduction.stories-B4Qm8zNf.js[39m[1m[2m[22m
[90m│[39m  [2m3.38 kB[22m[1m[22m[2m │ gzip:   1.34 kB[22m
[90m│[39m  [43mVite[49m
[90m│[39m  [2m../../../../../Users/Asus/AppData/Local/Temp/chromatic--13780-kh0T0A7yvaDL/[22m[36massets/Stepper-C5SLquqW.js[39m[1m[2m[22m
[90m│[39m  [2m3.69 kB[22m[1m[22m[2m │ gzip:   1.28 kB[22m
[90m│[39m  [43mVite[49m
[90m│[39m  [2m../../../../../Users/Asus/AppData/Local/Temp/chromatic--13780-kh0T0A7yvaDL/[22m[36massets/Skeleton.stories-D77KapEw.js[39m[1m[2m[22m
[90m│[39m  [2m3.99 kB[22m[1m[22m[2m │ gzip:   1.20 kB[22m
[90m│[39m  [43mVite[49m
[90m│[39m  [2m../../../../../Users/Asus/AppData/Local/Temp/chromatic--13780-kh0T0A7yvaDL/[22m[36massets/FinancialChart.stories-BPYlGNNJ.js[39m[1m[2m[22m
[90m│[39m  [2m4.05 kB[22m[1m[22m[2m │ gzip:   1.61 kB[22m
[90m│[39m  [43mVite[49m
[90m│[39m  [2m../../../../../Users/Asus/AppData/Local/Temp/chromatic--13780-kh0T0A7yvaDL/[22m[36massets/RadioGroup.stories-BE2aSgo5.js[39m[1m[2m[22m
[90m│[39m  [2m4.17 kB[22m[1m[22m[2m │ gzip:   1.37 kB[22m
[90m│[39m  [43mVite[49m
[90m│[39m  [2m../../../../../Users/Asus/AppData/Local/Temp/chromatic--13780-kh0T0A7yvaDL/[22m[36massets/WaterfallChart.stories-Ds7Ukl5_.js[39m[1m[2m[22m
[90m│[39m  [2m4.18 kB[22m[1m[22m[2m │ gzip:   1.75 kB[22m
[90m│[39m  [43mVite[49m
[90m│[39m  [2m../../../../../Users/Asus/AppData/Local/Temp/chromatic--13780-kh0T0A7yvaDL/[22m[36massets/ScatterChart.stories-BaOUXvla.js[39m[1m[2m[22m
[90m│[39m  [2m4.28 kB[22m[1m[22m[2m │ gzip:   1.64 kB[22m
[90m│[39m  [43mVite[49m
[90m│[39m  [2m../../../../../Users/Asus/AppData/Local/Temp/chromatic--13780-kh0T0A7yvaDL/[22m[36massets/RangeChart.stories-OftFOh_A.js[39m[1m[2m[22m
[90m│[39m  [2m4.32 kB[22m[1m[22m[2m │ gzip:   1.63 kB[22m
[90m│[39m  [43mVite[49m
[90m│[39m  [2m../../../../../Users/Asus/AppData/Local/Temp/chromatic--13780-kh0T0A7yvaDL/[22m[36massets/CorrelationChart.stories-U2DFYvFH.js[39m[1m[2m[22m
[90m│[39m  [2m4.39 kB[22m[1m[22m[2m │ gzip:   1.60 kB[22m
[90m│[39m  [43mVite[49m
[90m│[39m  [2m../../../../../Users/Asus/AppData/Local/Temp/chromatic--13780-kh0T0A7yvaDL/[22m[36massets/ParetoChart.stories-DXpFAglg.js[39m[1m[2m[22m
[90m│[39m  [2m4.43 kB[22m[1m[22m[2m │ gzip:   1.78 kB[22m
[90m│[39m  [43mVite[49m
[90m│[39m  [2m../../../../../Users/Asus/AppData/Local/Temp/chromatic--13780-kh0T0A7yvaDL/[22m[36massets/BubbleChart.stories-DGi6kCyi.js[39m[1m[2m[22m
[90m│[39m  [2m4.51 kB[22m[1m[22m[2m │ gzip:   1.73 kB[22m
[90m│[39m  [43mVite[49m
[90m│[39m  [2m../../../../../Users/Asus/AppData/Local/Temp/chromatic--13780-kh0T0A7yvaDL/[22m[36massets/Toggle.stories-CSxBfO7p.js[39m[1m[2m[22m
[90m│[39m  [2m4.65 kB[22m[1m[22m[2m │ gzip:   1.52 kB[22m
[90m│[39m  [43mVite[49m
[90m│[39m  [2m../../../../../Users/Asus/AppData/Local/Temp/chromatic--13780-kh0T0A7yvaDL/[22m[36massets/ComposedChart.stories-Clgz5_oZ.js[39m[1m[2m[22m
[90m│[39m  [2m4.91 kB[22m[1m[22m[2m │ gzip:   1.88 kB[22m
[90m│[39m  [43mVite[49m
[90m│[39m  [2m../../../../../Users/Asus/AppData/Local/Temp/chromatic--13780-kh0T0A7yvaDL/[22m[36massets/TriangularChart.stories-5JiRc6hN.js[39m[1m[2m[22m
[90m│[39m  [2m5.07 kB[22m[1m[22m[2m │ gzip:   1.93 kB[22m
[90m│[39m  [43mVite[49m
[90m│[39m  [2m../../../../../Users/Asus/AppData/Local/Temp/chromatic--13780-kh0T0A7yvaDL/[22m[36massets/ChoroplethMap.stories-BX6kD6gK.js[39m[1m[2m[22m
[90m│[39m  [2m5.08 kB[22m[1m[22m[2m │ gzip:   1.65 kB[22m
[90m│[39m  [43mVite[49m
[90m│[39m  [2m../../../../../Users/Asus/AppData/Local/Temp/chromatic--13780-kh0T0A7yvaDL/[22m[36massets/StepTab.stories-CehRcXnO.js[39m[1m[2m[22m
[90m│[39m  [2m5.11 kB[22m[1m[22m[2m │ gzip:   1.83 kB[22m
[90m│[39m  [43mVite[49m
[90m│[39m  [2m../../../../../Users/Asus/AppData/Local/Temp/chromatic--13780-kh0T0A7yvaDL/[22m[36massets/StepChart.stories-B8Ynk3w8.js[39m[1m[2m[22m
[90m│[39m  [2m5.36 kB[22m[1m[22m[2m │ gzip:   1.85 kB[22m
[90m│[39m  [43mVite[49m
[90m│[39m  [2m../../../../../Users/Asus/AppData/Local/Temp/chromatic--13780-kh0T0A7yvaDL/[22m[36massets/Chips-CyPmZeK4.js[39m[1m[2m[22m
[90m│[39m  [2m5.42 kB[22m[1m[22m[2m │ gzip:   1.54 kB[22m
[90m│[39m  [43mVite[49m
[90m│[39m  [2m../../../../../Users/Asus/AppData/Local/Temp/chromatic--13780-kh0T0A7yvaDL/[22m[36massets/FileUpload.stories-ISoRNucp.js[39m[1m[2m[22m
[90m│[39m  [2m5.60 kB[22m[1m[22m[2m │ gzip:   1.78 kB[22m
[90m│[39m  [43mVite[49m
[90m│[39m  [2m../../../../../Users/Asus/AppData/Local/Temp/chromatic--13780-kh0T0A7yvaDL/[22m[36massets/ProgressBar-CIrAPa8O.js[39m[1m[2m[22m
[90m│[39m  [2m5.86 kB[22m[1m[22m[2m │ gzip:   1.70 kB[22m
[90m│[39m  [43mVite[49m
[90m│[39m  [2m../../../../../Users/Asus/AppData/Local/Temp/chromatic--13780-kh0T0A7yvaDL/[22m[36massets/Button-tpyOtuFB.js[39m[1m[2m[22m
[90m│[39m  [2m6.24 kB[22m[1m[22m[2m │ gzip:   2.20 kB[22m
[90m│[39m  [43mVite[49m
[90m│[39m  [2m../../../../../Users/Asus/AppData/Local/Temp/chromatic--13780-kh0T0A7yvaDL/[22m[36massets/AreaChart.stories-XAB-FMVp.js[39m[1m[2m[22m
[90m│[39m  [2m6.28 kB[22m[1m[22m[2m │ gzip:   2.17 kB[22m
[90m│[39m  [43mVite[49m
[90m│[39m  [2m../../../../../Users/Asus/AppData/Local/Temp/chromatic--13780-kh0T0A7yvaDL/[22m[36massets/Banner-BgpSAk5Q.js[39m[1m[2m[22m
[90m│[39m  [2m6.30 kB[22m[1m[22m[2m │ gzip:   1.92 kB[22m
[90m│[39m  [43mVite[49m
[90m│[39m  [2m../../../../../Users/Asus/AppData/Local/Temp/chromatic--13780-kh0T0A7yvaDL/[22m[36massets/MonthCalendar-CGAijnXh.js[39m[1m[2m[22m
[90m│[39m  [2m6.32 kB[22m[1m[22m[2m │ gzip:   2.07 kB[22m
[90m│[39m  [43mVite[49m
[90m│[39m  [2m../../../../../Users/Asus/AppData/Local/Temp/chromatic--13780-kh0T0A7yvaDL/[22m[36massets/Textarea-Bn76kDz1.js[39m[1m[2m[22m
[90m│[39m  [2m6.37 kB[22m[1m[22m[2m │ gzip:   2.02 kB[22m
[90m│[39m  [43mVite[49m
[90m│[39m  [2m../../../../../Users/Asus/AppData/Local/Temp/chromatic--13780-kh0T0A7yvaDL/[22m[36massets/Card-CUicvZ8D.js[39m[1m[2m[22m
[90m│[39m  [2m6.38 kB[22m[1m[22m[2m │ gzip:   1.64 kB[22m
[90m│[39m  [43mVite[49m
[90m│[39m  [2m../../../../../Users/Asus/AppData/Local/Temp/chromatic--13780-kh0T0A7yvaDL/[22m[36massets/LineChart.stories-DdhP7WyO.js[39m[1m[2m[22m
[90m│[39m  [2m6.50 kB[22m[1m[22m[2m │ gzip:   2.13 kB[22m
[90m│[39m  [43mVite[49m
[90m│[39m  [2m../../../../../Users/Asus/AppData/Local/Temp/chromatic--13780-kh0T0A7yvaDL/[22m[36massets/StackedChart.stories-HUhAoPgM.js[39m[1m[2m[22m
[90m│[39m  [2m6.54 kB[22m[1m[22m[2m │ gzip:   2.16 kB[22m
[90m│[39m  [43mVite[49m
[90m│[39m  [2m../../../../../Users/Asus/AppData/Local/Temp/chromatic--13780-kh0T0A7yvaDL/[22m[36massets/Typography.stories-CGoMJRZC.js[39m[1m[2m[22m
[90m│[39m  [2m7.19 kB[22m[1m[22m[2m │ gzip:   1.90 kB[22m
[90m│[39m  [43mVite[49m
[90m│[39m  [2m../../../../../Users/Asus/AppData/Local/Temp/chromatic--13780-kh0T0A7yvaDL/[22m[36massets/Tooltip-BIgabP-q.js[39m[1m[2m[22m
[90m│[39m  [2m7.30 kB[22m[1m[22m[2m │ gzip:   2.54 kB[22m
[90m│[39m  [43mVite[49m
[90m│[39m  [2m../../../../../Users/Asus/AppData/Local/Temp/chromatic--13780-kh0T0A7yvaDL/[22m[36massets/Input-cBggPm4E.js[39m[1m[2m[22m
[90m│[39m  [2m7.36 kB[22m[1m[22m[2m │ gzip:   2.21 kB[22m
[90m│[39m  [43mVite[49m
[90m│[39m  [2m../../../../../Users/Asus/AppData/Local/Temp/chromatic--13780-kh0T0A7yvaDL/[22m[36massets/MonthCalendar.stories-hV-_o_EA.js[39m[1m[2m[22m
[90m│[39m  [2m7.66 kB[22m[1m[22m[2m │ gzip:   2.00 kB[22m
[90m│[39m  [43mVite[49m
[90m│[39m  [2m../../../../../Users/Asus/AppData/Local/Temp/chromatic--13780-kh0T0A7yvaDL/[22m[36massets/FileUpload-Cd2fZCO-.js[39m[1m[2m[22m
[90m│[39m  [2m7.74 kB[22m[1m[22m[2m │ gzip:   2.39 kB[22m
[90m│[39m  [43mVite[49m
[90m│[39m  [2m../../../../../Users/Asus/AppData/Local/Temp/chromatic--13780-kh0T0A7yvaDL/[22m[36massets/EmptyState.stories-4dfWAyrj.js[39m[1m[2m[22m
[90m│[39m  [2m7.87 kB[22m[1m[22m[2m │ gzip:   2.19 kB[22m
[90m│[39m  [43mVite[49m
[90m│[39m  [2m../../../../../Users/Asus/AppData/Local/Temp/chromatic--13780-kh0T0A7yvaDL/[22m[36massets/Calendar-gtzcfoGT.js[39m[1m[2m[22m
[90m│[39m  [2m7.91 kB[22m[1m[22m[2m │ gzip:   2.63 kB[22m
[90m│[39m  [43mVite[49m
[90m│[39m  [2m../../../../../Users/Asus/AppData/Local/Temp/chromatic--13780-kh0T0A7yvaDL/[22m[36massets/ClearButton.stories-CWI8NKQd.js[39m[1m[2m[22m
[90m│[39m  [2m7.99 kB[22m[1m[22m[2m │ gzip:   1.97 kB[22m
[90m│[39m  [43mVite[49m
[90m│[39m  [2m../../../../../Users/Asus/AppData/Local/Temp/chromatic--13780-kh0T0A7yvaDL/[22m[36massets/Banner.stories-Clre4f1x.js[39m[1m[2m[22m
[90m│[39m  [2m8.83 kB[22m[1m[22m[2m │ gzip:   2.42 kB[22m
[90m│[39m  [43mVite[49m
[90m│[39m  [2m../../../../../Users/Asus/AppData/Local/Temp/chromatic--13780-kh0T0A7yvaDL/[22m[36massets/Checkbox.stories-BJrWtW3x.js[39m[1m[2m[22m
[90m│[39m  [2m9.30 kB[22m[1m[22m[2m │ gzip:   2.48 kB[22m
[90m│[39m  [43mVite[49m
[90m│[39m  [2m../../../../../Users/Asus/AppData/Local/Temp/chromatic--13780-kh0T0A7yvaDL/[22m[36massets/ColorPicker.stories-C3J9XhXL.js[39m[1m[2m[22m
[90m│[39m  [2m9.56 kB[22m[1m[22m[2m │ gzip:   2.66 kB[22m
[90m│[39m  [43mVite[49m
[90m│[39m  [2m../../../../../Users/Asus/AppData/Local/Temp/chromatic--13780-kh0T0A7yvaDL/[22m[36massets/HeatmapChart.stories-AltZaXub.js[39m[1m[2m[22m
[90m│[39m  [2m10.33 kB[22m[1m[22m[2m │ gzip:   3.35 kB[22m
[90m│[39m  [43mVite[49m
[90m│[39m  [2m../../../../../Users/Asus/AppData/Local/Temp/chromatic--13780-kh0T0A7yvaDL/[22m[36massets/Area-DQaLRVug.js[39m[1m[2m[22m
[90m│[39m  [2m10.84 kB[22m[1m[22m[2m │ gzip:   4.00 kB[22m
[90m│[39m  [43mVite[49m
[90m│[39m  [2m../../../../../Users/Asus/AppData/Local/Temp/chromatic--13780-kh0T0A7yvaDL/[22m[36massets/Line-Bksaohi8.js[39m[1m[2m[22m
[90m│[39m  [2m10.99 kB[22m[1m[22m[2m │ gzip:   4.23 kB[22m
[90m│[39m  [43mVite[49m
[90m│[39m  [2m../../../../../Users/Asus/AppData/Local/Temp/chromatic--13780-kh0T0A7yvaDL/[22m[36massets/PieChart-BXilzA_1.js[39m[1m[2m[22m
[90m│[39m  [2m11.70 kB[22m[1m[22m[2m │ gzip:   4.33 kB[22m
[90m│[39m  [43mVite[49m
[90m│[39m  [2m../../../../../Users/Asus/AppData/Local/Temp/chromatic--13780-kh0T0A7yvaDL/[22m[36massets/PolarAngleAxis-BHCMPrus.js[39m[1m[2m[22m
[90m│[39m  [2m11.84 kB[22m[1m[22m[2m │ gzip:   3.26 kB[22m
[90m│[39m  [43mVite[49m
[90m│[39m  [2m../../../../../Users/Asus/AppData/Local/Temp/chromatic--13780-kh0T0A7yvaDL/[22m[36massets/Scatter-ly9OF8O6.js[39m[1m[2m[22m
[90m│[39m  [2m11.85 kB[22m[1m[22m[2m │ gzip:   3.78 kB[22m
[90m│[39m  [43mVite[49m
[90m│[39m  [2m../../../../../Users/Asus/AppData/Local/Temp/chromatic--13780-kh0T0A7yvaDL/[22m[36massets/Chart.stories-iO5V3dwy.js[39m[1m[2m[22m
[90m│[39m  [2m11.93 kB[22m[1m[22m[2m │ gzip:   3.33 kB[22m
[90m│[39m  [43mVite[49m
[90m│[39m  [2m../../../../../Users/Asus/AppData/Local/Temp/chromatic--13780-kh0T0A7yvaDL/[22m[36massets/Chips.stories-CJMHtN2e.js[39m[1m[2m[22m
[90m│[39m  [2m11.97 kB[22m[1m[22m[2m │ gzip:   2.80 kB[22m
[90m│[39m  [43mVite[49m
[90m│[39m  [2m../../../../../Users/Asus/AppData/Local/Temp/chromatic--13780-kh0T0A7yvaDL/[22m[36massets/TimelineChart.stories-BTHFEC4r.js[39m[1m[2m[22m
[90m│[39m  [2m12.27 kB[22m[1m[22m[2m │ gzip:   3.91 kB[22m
[90m│[39m  [43mVite[49m
[90m│[39m  [2m../../../../../Users/Asus/AppData/Local/Temp/chromatic--13780-kh0T0A7yvaDL/[22m[36massets/TimePicker.stories-DEuo1lUB.js[39m[1m[2m[22m
[90m│[39m  [2m13.13 kB[22m[1m[22m[2m │ gzip:   3.26 kB[22m
[90m│[39m  [43mVite[49m
[90m│[39m  [2m../../../../../Users/Asus/AppData/Local/Temp/chromatic--13780-kh0T0A7yvaDL/[22m[36massets/Stepper.stories-B3bVlpBE.js[39m[1m[2m[22m
[90m│[39m  [2m13.38 kB[22m[1m[22m[2m │ gzip:   2.85 kB[22m
[90m│[39m  [43mVite[49m
[90m│[39m  [2m../../../../../Users/Asus/AppData/Local/Temp/chromatic--13780-kh0T0A7yvaDL/[22m[36massets/BoxWhiskerChart.stories-DHmIP-Oy.js[39m[1m[2m[22m
[90m│[39m  [2m13.61 kB[22m[1m[22m[2m │ gzip:   4.24 kB[22m
[90m│[39m  [43mVite[49m
[90m│[39m  [2m../../../../../Users/Asus/AppData/Local/Temp/chromatic--13780-kh0T0A7yvaDL/[22m[36massets/Calendar.stories-B_0088SU.js[39m[1m[2m[22m
[90m│[39m  [2m14.27 kB[22m[1m[22m[2m │ gzip:   2.76 kB[22m
[90m│[39m  [43mVite[49m
[90m│[39m  [2m../../../../../Users/Asus/AppData/Local/Temp/chromatic--13780-kh0T0A7yvaDL/[22m[36massets/Input.stories-BKWDZhIt.js[39m[1m[2m[22m
[90m│[39m  [2m14.33 kB[22m[1m[22m[2m │ gzip:   3.67 kB[22m
[90m│[39m  [43mVite[49m
[90m│[39m  [2m../../../../../Users/Asus/AppData/Local/Temp/chromatic--13780-kh0T0A7yvaDL/[22m[36massets/Tabs.stories-Dx0DIy3c.js[39m[1m[2m[22m
[90m│[39m  [2m14.96 kB[22m[1m[22m[2m │ gzip:   3.26 kB[22m
[90m│[39m  [43mVite[49m
[90m│[39m  [2m../../../../../Users/Asus/AppData/Local/Temp/chromatic--13780-kh0T0A7yvaDL/[22m[36massets/TimePicker-Dzyj7-RP.js[39m[1m[2m[22m
[90m│[39m  [2m15.40 kB[22m[1m[22m[2m │ gzip:   4.85 kB[22m
[90m│[39m  [43mVite[49m
[90m│[39m  [2m../../../../../Users/Asus/AppData/Local/Temp/chromatic--13780-kh0T0A7yvaDL/[22m[36massets/Dropdown-BlRjzNUq.js[39m[1m[2m[22m
[90m│[39m  [2m15.45 kB[22m[1m[22m[2m │ gzip:   4.43 kB[22m
[90m│[39m  [43mVite[49m
[90m│[39m  [2m../../../../../Users/Asus/AppData/Local/Temp/chromatic--13780-kh0T0A7yvaDL/[22m[36massets/ProgressBar.stories-BrbNe3X0.js[39m[1m[2m[22m
[90m│[39m  [2m16.05 kB[22m[1m[22m[2m │ gzip:   3.71 kB[22m
[90m│[39m  [43mVite[49m
[90m│[39m  [2m../../../../../Users/Asus/AppData/Local/Temp/chromatic--13780-kh0T0A7yvaDL/[22m[36massets/ListItemGroup.stories-oRR9HdKx.js[39m[1m[2m[22m
[90m│[39m  [2m16.29 kB[22m[1m[22m[2m │ gzip:   3.90 kB[22m
[90m│[39m  [43mVite[49m
[90m│[39m  [2m../../../../../Users/Asus/AppData/Local/Temp/chromatic--13780-kh0T0A7yvaDL/[22m[36massets/ColorPicker-ACHOmORY.js[39m[1m[2m[22m
[90m│[39m  [2m16.99 kB[22m[1m[22m[2m │ gzip:   5.39 kB[22m
[90m│[39m  [43mVite[49m
[90m│[39m  [2m../../../../../Users/Asus/AppData/Local/Temp/chromatic--13780-kh0T0A7yvaDL/[22m[36massets/GaugeChart.stories-B_Xu5KZu.js[39m[1m[2m[22m
[90m│[39m  [2m17.40 kB[22m[1m[22m[2m │ gzip:   5.57 kB[22m
[90m│[39m  [43mVite[49m
[90m│[39m  [2m../../../../../Users/Asus/AppData/Local/Temp/chromatic--13780-kh0T0A7yvaDL/[22m[36massets/Textarea.stories-lVlSBQPZ.js[39m[1m[2m[22m
[90m│[39m  [2m17.56 kB[22m[1m[22m[2m │ gzip:   4.52 kB[22m
[90m│[39m  [43mVite[49m
[90m│[39m  [2m../../../../../Users/Asus/AppData/Local/Temp/chromatic--13780-kh0T0A7yvaDL/[22m[36massets/HistogramChart.stories-BAQJK2Up.js[39m[1m[2m[22m
[90m│[39m  [2m17.67 kB[22m[1m[22m[2m │ gzip:   5.23 kB[22m
[90m│[39m  [43mVite[49m
[90m│[39m  [2m../../../../../Users/Asus/AppData/Local/Temp/chromatic--13780-kh0T0A7yvaDL/[22m[36massets/Breadcrumb.stories-CPVc1Ldk.js[39m[1m[2m[22m
[90m│[39m  [2m17.90 kB[22m[1m[22m[2m │ gzip:   3.99 kB[22m
[90m│[39m  [43mVite[49m
[90m│[39m  [2m../../../../../Users/Asus/AppData/Local/Temp/chromatic--13780-kh0T0A7yvaDL/[22m[36massets/ComponentCompositions.stories-DN-EruTw.js[39m[1m[2m[22m
[90m│[39m  [2m18.15 kB[22m[1m[22m[2m │ gzip:   4.52 kB[22m
[90m│[39m  [43mVite[49m
[90m│[39m  [2m../../../../../Users/Asus/AppData/Local/Temp/chromatic--13780-kh0T0A7yvaDL/[22m[36massets/DragDrop.stories-DDHHyxHs.js[39m[1m[2m[22m
[90m│[39m  [2m19.36 kB[22m[1m[22m[2m │ gzip:   4.93 kB[22m
[90m│[39m  [43mVite[49m
[90m│[39m  [2m../../../../../Users/Asus/AppData/Local/Temp/chromatic--13780-kh0T0A7yvaDL/[22m[36massets/MonthPicker.stories-D7uxjLdj.js[39m[1m[2m[22m
[90m│[39m  [2m19.57 kB[22m[1m[22m[2m │ gzip:   5.41 kB[22m
[90m│[39m  [43mVite[49m
[90m│[39m  [2m../../../../../Users/Asus/AppData/Local/Temp/chromatic--13780-kh0T0A7yvaDL/[22m[36massets/Card.stories-B2Z7mSDN.js[39m[1m[2m[22m
[90m│[39m  [2m20.98 kB[22m[1m[22m[2m │ gzip:   5.12 kB[22m
[90m│[39m  [43mVite[49m
[90m│[39m  [2m../../../../../Users/Asus/AppData/Local/Temp/chromatic--13780-kh0T0A7yvaDL/[22m[36massets/InputGroup.stories-BT1VIJ2y.js[39m[1m[2m[22m
[90m│[39m  [2m22.14 kB[22m[1m[22m[2m │ gzip:   5.22 kB[22m
[90m│[39m  [43mVite[49m
[90m│[39m  [2m../../../../../Users/Asus/AppData/Local/Temp/chromatic--13780-kh0T0A7yvaDL/[22m[36massets/PieChart.stories-Cw4YQI9l.js[39m[1m[2m[22m
[90m│[39m  [2m22.58 kB[22m[1m[22m[2m │ gzip:   5.83 kB[22m
[90m│[39m  [43mVite[49m
[90m│[39m  [2m../../../../../Users/Asus/AppData/Local/Temp/chromatic--13780-kh0T0A7yvaDL/[22m[36massets/DatePicker.stories-ByjgRuIq.js[39m[1m[2m[22m
[90m│[39m  [2m22.93 kB[22m[1m[22m[2m │ gzip:   5.11 kB[22m
[90m│[39m  [43mVite[49m
[90m│[39m  [2m../../../../../Users/Asus/AppData/Local/Temp/chromatic--13780-kh0T0A7yvaDL/[22m[36massets/YAxis-CAb4HEu1.js[39m[1m[2m[22m
[90m│[39m  [2m24.47 kB[22m[1m[22m[2m │ gzip:   6.29 kB[22m
[90m│[39m  [43mVite[49m
[90m│[39m  [2m../../../../../Users/Asus/AppData/Local/Temp/chromatic--13780-kh0T0A7yvaDL/[22m[36massets/DatePicker-l-moooSa.js[39m[1m[2m[22m
[90m│[39m  [2m24.88 kB[22m[1m[22m[2m │ gzip:   6.95 kB[22m
[90m│[39m  [43mVite[49m
[90m│[39m  [2m../../../../../Users/Asus/AppData/Local/Temp/chromatic--13780-kh0T0A7yvaDL/[22m[36massets/Toaster.stories-BpMpdCJ-.js[39m[1m[2m[22m
[90m│[39m  [2m25.53 kB[22m[1m[22m[2m │ gzip:   5.84 kB[22m
[90m│[39m  [43mVite[49m
[90m│[39m  [2m../../../../../Users/Asus/AppData/Local/Temp/chromatic--13780-kh0T0A7yvaDL/[22m[36massets/Button.stories-cCFrs8BW.js[39m[1m[2m[22m
[90m│[39m  [2m27.12 kB[22m[1m[22m[2m │ gzip:   5.25 kB[22m
[90m│[39m  [43mVite[49m
[90m│[39m  [2m../../../../../Users/Asus/AppData/Local/Temp/chromatic--13780-kh0T0A7yvaDL/[22m[36massets/DonutChart.stories-DvdN8nmg.js[39m[1m[2m[22m
[90m│[39m  [2m28.14 kB[22m[1m[22m[2m │ gzip:   6.87 kB[22m
[90m│[39m  [43mVite[49m
[90m│[39m  [2m../../../../../Users/Asus/AppData/Local/Temp/chromatic--13780-kh0T0A7yvaDL/[22m[36mvite-inject-mocker-entry.js[39m[1m[2m[22m
[90m│[39m  [2m28.53 kB[22m[1m[22m[2m │ gzip:   9.94 kB[22m
[90m│[39m  [43mVite[49m
[90m│[39m  [2m../../../../../Users/Asus/AppData/Local/Temp/chromatic--13780-kh0T0A7yvaDL/[22m[36massets/RadarChart.stories-CJXHsIjF.js[39m[1m[2m[22m
[90m│[39m  [2m29.07 kB[22m[1m[22m[2m │ gzip:   8.32 kB[22m
[90m│[39m  [43mVite[49m
[90m│[39m  [2m../../../../../Users/Asus/AppData/Local/Temp/chromatic--13780-kh0T0A7yvaDL/[22m[36massets/Color-6AOWCN3U-BSCy7KBP.js[39m[1m[2m[22m
[90m│[39m  [2m30.38 kB[22m[1m[22m[2m │ gzip:  11.51 kB[22m
[90m│[39m  [43mVite[49m
[90m│[39m  [2m../../../../../Users/Asus/AppData/Local/Temp/chromatic--13780-kh0T0A7yvaDL/[22m[36massets/TreemapChart.stories-CM-dT-k3.js[39m[1m[2m[22m
[90m│[39m  [2m31.73 kB[22m[1m[22m[2m │ gzip:  11.12 kB[22m
[90m│[39m  [43mVite[49m
[90m│[39m  [2m../../../../../Users/Asus/AppData/Local/Temp/chromatic--13780-kh0T0A7yvaDL/[22m[36massets/WithTooltip-CDUNV5IS-BQHdcPlZ.js[39m[1m[2m[22m
[90m│[39m  [2m33.21 kB[22m[1m[22m[2m │ gzip:  11.68 kB[22m
[90m│[39m  [43mVite[49m
[90m│[39m  [2m../../../../../Users/Asus/AppData/Local/Temp/chromatic--13780-kh0T0A7yvaDL/[22m[36massets/Menu.stories-BxL_k9Wg.js[39m[1m[2m[22m
[90m│[39m  [2m33.43 kB[22m[1m[22m[2m │ gzip:   6.38 kB[22m
[90m│[39m  [43mVite[49m
[90m│[39m  [2m../../../../../Users/Asus/AppData/Local/Temp/chromatic--13780-kh0T0A7yvaDL/[22m[36massets/AnimatedNumber.stories-F1PcQ2NP.js[39m[1m[2m[22m
[90m│[39m  [2m33.60 kB[22m[1m[22m[2m │ gzip:   6.34 kB[22m
[90m│[39m  [43mVite[49m
[90m│[39m  [2m../../../../../Users/Asus/AppData/Local/Temp/chromatic--13780-kh0T0A7yvaDL/[22m[36massets/BarChart.stories-Cx96uBGs.js[39m[1m[2m[22m
[90m│[39m  [2m36.90 kB[22m[1m[22m[2m │ gzip:   8.78 kB[22m
[90m│[39m  [43mVite[49m
[90m│[39m  [2m../../../../../Users/Asus/AppData/Local/Temp/chromatic--13780-kh0T0A7yvaDL/[22m[36massets/Dropdown.stories-QXfSzpxQ.js[39m[1m[2m[22m
[90m│[39m  [2m38.41 kB[22m[1m[22m[2m │ gzip:   8.21 kB[22m
[90m│[39m  [43mVite[49m
[90m│[39m  [2m../../../../../Users/Asus/AppData/Local/Temp/chromatic--13780-kh0T0A7yvaDL/[22m[36massets/Tooltip.stories-D3wVrJUH.js[39m[1m[2m[22m
[90m│[39m  [2m40.00 kB[22m[1m[22m[2m │ gzip:   7.32 kB[22m
[90m│[39m  [43mVite[49m
[90m│[39m  [2m../../../../../Users/Asus/AppData/Local/Temp/chromatic--13780-kh0T0A7yvaDL/[22m[36massets/Sidebar.stories-Cc9SNiX9.js[39m[1m[2m[22m
[90m│[39m  [2m56.46 kB[22m[1m[22m[2m │ gzip:  10.34 kB[22m
[90m│[39m  [43mVite[49m
[90m│[39m  [2m../../../../../Users/Asus/AppData/Local/Temp/chromatic--13780-kh0T0A7yvaDL/[22m[36massets/Modal.stories-BQTlQxtn.js[39m[1m[2m[22m
[90m│[39m  [2m59.96 kB[22m[1m[22m[2m │ gzip:  13.21 kB[22m
[90m│[39m  [43mVite[49m
[90m│[39m  [2m../../../../../Users/Asus/AppData/Local/Temp/chromatic--13780-kh0T0A7yvaDL/[22m[36massets/Table.stories-DGFPJ_gn.js[39m[1m[2m[22m
[90m│[39m  [2m77.01 kB[22m[1m[22m[2m │ gzip:  16.44 kB[22m
[90m│[39m  [43mVite[49m
[90m│[39m  [2m../../../../../Users/Asus/AppData/Local/Temp/chromatic--13780-kh0T0A7yvaDL/[22m[36massets/syntaxhighlighter-4REYKNEV-Diz6dlj8.js[39m[1m[2m[22m
[90m│[39m  [2m77.96 kB[22m[1m[22m[2m │ gzip:  27.28 kB[22m
[90m│[39m  [43mVite[49m
[90m│[39m  [2m../../../../../Users/Asus/AppData/Local/Temp/chromatic--13780-kh0T0A7yvaDL/[22m[36massets/Accordion.stories-CsMMkBP1.js[39m[1m[2m[22m
[90m│[39m  [2m114.02 kB[22m[1m[22m[2m │ gzip:  26.05 kB[22m
[90m│[39m  [43mVite[49m
[90m│[39m  [2m../../../../../Users/Asus/AppData/Local/Temp/chromatic--13780-kh0T0A7yvaDL/[22m[36massets/generateCategoricalChart-D5po9JTp.js[39m[1m[2m[22m
[90m│[39m  [2m146.52 kB[22m[1m[22m[2m │ gzip:  36.20 kB[22m
[90m│[39m  [43mVite[49m
[90m│[39m  [2m../../../../../Users/Asus/AppData/Local/Temp/chromatic--13780-kh0T0A7yvaDL/[22m[36massets/react-18-DFitNfKL.js[39m[1m[2m[22m
[90m│[39m  [2m181.72 kB[22m[1m[22m[2m │ gzip:  57.20 kB[22m
[90m│[39m  [43mVite[49m
[90m│[39m  [2m../../../../../Users/Asus/AppData/Local/Temp/chromatic--13780-kh0T0A7yvaDL/[22m[36massets/_baseAssignValue-F4hbxAE0.js[39m[1m[2m[22m
[90m│[39m  [2m215.86 kB[22m[1m[22m[2m │ gzip:  67.83 kB[22m
[90m│[39m  [43mVite[49m
[90m│[39m  [2m../../../../../Users/Asus/AppData/Local/Temp/chromatic--13780-kh0T0A7yvaDL/[22m[36massets/ChoroplethMap-B2AlEU0Q.js[39m[1m[2m[22m
[90m│[39m  [2m248.45 kB[22m[1m[22m[2m │ gzip:  90.72 kB[22m
[90m│[39m  [43mVite[49m
[90m│[39m  [2m../../../../../Users/Asus/AppData/Local/Temp/chromatic--13780-kh0T0A7yvaDL/[22m[36massets/DocsRenderer-JROSPFPF-B_95Rt0X.js[39m[1m[33m[39m
[90m│[39m  [33m852.10 kB[39m[22m[2m │ gzip: 272.28 kB[22m
[90m│[39m  [43mVite[49m
[90m│[39m  [2m../../../../../Users/Asus/AppData/Local/Temp/chromatic--13780-kh0T0A7yvaDL/[22m[36massets/iframe-BfKM4K5l.js[39m
[90m│[39m  [36m[39m[1m[33m1,328.18 kB[39m[22m[2m │ gzip: 381.04 kB[22m
[90m│[39m
[33m▲[39m  [43mVite[49m[33m
[90m│[39m  (!) Some chunks are larger than 500 kB after minification. Consider:
[90m│[39m  - Using dynamic import() to code-split the application
[90m│[39m  - Use build.rollupOptions.output.manualChunks to improve chunking:
[90m│[39m  ]8;;https://rollupjs.org/configuration-options/#output-manualchunkshttps://rollupjs.org/configuration-options/#output-manualchunks]8;;
[90m│[39m  - Adjust chunk size limit for this warning via
[90m│[39m  build.chunkSizeWarningLimit.[39m
[90m│[39m  [43mVite[49m [32m✓ built in 29.20s[39m
[90m│[39m
[32m◇[39m  Output directory:
[90m│[39m  C:/Users/Asus/AppData/Local/Temp/chromatic--13780-kh0T0A7yvaDL
[90m│[39m
[90m└[39m  Storybook build completed successfully

